Archive member included because of file (symbol)

c:/program files (x86)/atollic/truestudio for arm 5.4.0/armtools/bin/../lib/gcc/arm-atollic-eabi/4.8.3/../../../../arm-atollic-eabi/lib/armv7-m\libc.a(lib_a-atoi.o)
                              Application\User\main.o (atoi)
c:/program files (x86)/atollic/truestudio for arm 5.4.0/armtools/bin/../lib/gcc/arm-atollic-eabi/4.8.3/../../../../arm-atollic-eabi/lib/armv7-m\libc.a(lib_a-init.o)
                              Application\TrueSTUDIO\startup_stm32l151xb.o (__libc_init_array)
c:/program files (x86)/atollic/truestudio for arm 5.4.0/armtools/bin/../lib/gcc/arm-atollic-eabi/4.8.3/../../../../arm-atollic-eabi/lib/armv7-m\libc.a(lib_a-malloc.o)
                              Application\User\cbutils.o (malloc)
c:/program files (x86)/atollic/truestudio for arm 5.4.0/armtools/bin/../lib/gcc/arm-atollic-eabi/4.8.3/../../../../arm-atollic-eabi/lib/armv7-m\libc.a(lib_a-mallocr.o)
                              c:/program files (x86)/atollic/truestudio for arm 5.4.0/armtools/bin/../lib/gcc/arm-atollic-eabi/4.8.3/../../../../arm-atollic-eabi/lib/armv7-m\libc.a(lib_a-malloc.o) (_malloc_r)
c:/program files (x86)/atollic/truestudio for arm 5.4.0/armtools/bin/../lib/gcc/arm-atollic-eabi/4.8.3/../../../../arm-atollic-eabi/lib/armv7-m\libc.a(lib_a-memcpy-stub.o)
                              Application\User\main.o (memcpy)
c:/program files (x86)/atollic/truestudio for arm 5.4.0/armtools/bin/../lib/gcc/arm-atollic-eabi/4.8.3/../../../../arm-atollic-eabi/lib/armv7-m\libc.a(lib_a-memset.o)
                              Drivers\STM32L1xx_HAL_Driver\stm32l1xx_hal_rcc.o (memset)
c:/program files (x86)/atollic/truestudio for arm 5.4.0/armtools/bin/../lib/gcc/arm-atollic-eabi/4.8.3/../../../../arm-atollic-eabi/lib/armv7-m\libc.a(lib_a-mlock.o)
                              c:/program files (x86)/atollic/truestudio for arm 5.4.0/armtools/bin/../lib/gcc/arm-atollic-eabi/4.8.3/../../../../arm-atollic-eabi/lib/armv7-m\libc.a(lib_a-mallocr.o) (__malloc_lock)
c:/program files (x86)/atollic/truestudio for arm 5.4.0/armtools/bin/../lib/gcc/arm-atollic-eabi/4.8.3/../../../../arm-atollic-eabi/lib/armv7-m\libc.a(lib_a-sbrkr.o)
                              c:/program files (x86)/atollic/truestudio for arm 5.4.0/armtools/bin/../lib/gcc/arm-atollic-eabi/4.8.3/../../../../arm-atollic-eabi/lib/armv7-m\libc.a(lib_a-mallocr.o) (_sbrk_r)
c:/program files (x86)/atollic/truestudio for arm 5.4.0/armtools/bin/../lib/gcc/arm-atollic-eabi/4.8.3/../../../../arm-atollic-eabi/lib/armv7-m\libc.a(lib_a-sprintf.o)
                              Application\User\main.o (sprintf)
c:/program files (x86)/atollic/truestudio for arm 5.4.0/armtools/bin/../lib/gcc/arm-atollic-eabi/4.8.3/../../../../arm-atollic-eabi/lib/armv7-m\libc.a(lib_a-strcpy.o)
                              Application\User\main.o (strcpy)
c:/program files (x86)/atollic/truestudio for arm 5.4.0/armtools/bin/../lib/gcc/arm-atollic-eabi/4.8.3/../../../../arm-atollic-eabi/lib/armv7-m\libc.a(lib_a-strlen.o)
                              Application\User\main.o (strlen)
c:/program files (x86)/atollic/truestudio for arm 5.4.0/armtools/bin/../lib/gcc/arm-atollic-eabi/4.8.3/../../../../arm-atollic-eabi/lib/armv7-m\libc.a(lib_a-strtol.o)
                              c:/program files (x86)/atollic/truestudio for arm 5.4.0/armtools/bin/../lib/gcc/arm-atollic-eabi/4.8.3/../../../../arm-atollic-eabi/lib/armv7-m\libc.a(lib_a-atoi.o) (_strtol_r)
c:/program files (x86)/atollic/truestudio for arm 5.4.0/armtools/bin/../lib/gcc/arm-atollic-eabi/4.8.3/../../../../arm-atollic-eabi/lib/armv7-m\libc.a(lib_a-svfprintf.o)
                              c:/program files (x86)/atollic/truestudio for arm 5.4.0/armtools/bin/../lib/gcc/arm-atollic-eabi/4.8.3/../../../../arm-atollic-eabi/lib/armv7-m\libc.a(lib_a-sprintf.o) (_svfprintf_r)
c:/program files (x86)/atollic/truestudio for arm 5.4.0/armtools/bin/../lib/gcc/arm-atollic-eabi/4.8.3/../../../../arm-atollic-eabi/lib/armv7-m\libc.a(lib_a-syscalls.o)
                              c:/program files (x86)/atollic/truestudio for arm 5.4.0/armtools/bin/../lib/gcc/arm-atollic-eabi/4.8.3/../../../../arm-atollic-eabi/lib/armv7-m\libc.a(lib_a-sbrkr.o) (_sbrk)
c:/program files (x86)/atollic/truestudio for arm 5.4.0/armtools/bin/../lib/gcc/arm-atollic-eabi/4.8.3/../../../../arm-atollic-eabi/lib/armv7-m\libc.a(lib_a-ctype_.o)
                              c:/program files (x86)/atollic/truestudio for arm 5.4.0/armtools/bin/../lib/gcc/arm-atollic-eabi/4.8.3/../../../../arm-atollic-eabi/lib/armv7-m\libc.a(lib_a-strtol.o) (__ctype_ptr__)
c:/program files (x86)/atollic/truestudio for arm 5.4.0/armtools/bin/../lib/gcc/arm-atollic-eabi/4.8.3/../../../../arm-atollic-eabi/lib/armv7-m\libc.a(lib_a-dtoa.o)
[...]
Memory Configuration

Name             Origin             Length             Attributes
FLASH            0x08000000         0x00020000         xr
RAM              0x20000000         0x00004000         xrw
*default*        0x00000000         0xffffffff

Linker script and memory map

LOAD c:/program files (x86)/atollic/truestudio for arm 5.4.0/armtools/bin/../lib/gcc/arm-atollic-eabi/4.8.3/armv7-m/crti.o
LOAD c:/program files (x86)/atollic/truestudio for arm 5.4.0/armtools/bin/../lib/gcc/arm-atollic-eabi/4.8.3/armv7-m/crtbegin.o
LOAD Drivers\STM32L1xx_HAL_Driver\stm32l1xx_hal_uart.o
LOAD Drivers\STM32L1xx_HAL_Driver\stm32l1xx_hal_spi_ex.o
LOAD Drivers\STM32L1xx_HAL_Driver\stm32l1xx_hal_spi.o
LOAD Drivers\STM32L1xx_HAL_Driver\stm32l1xx_hal_rtc_ex.o
LOAD Drivers\STM32L1xx_HAL_Driver\stm32l1xx_hal_rtc.o
LOAD Drivers\STM32L1xx_HAL_Driver\stm32l1xx_hal_rcc_ex.o
LOAD Drivers\STM32L1xx_HAL_Driver\stm32l1xx_hal_rcc.o
LOAD Drivers\STM32L1xx_HAL_Driver\stm32l1xx_hal_pwr_ex.o
LOAD Drivers\STM32L1xx_HAL_Driver\stm32l1xx_hal_pwr.o
LOAD Drivers\STM32L1xx_HAL_Driver\stm32l1xx_hal_gpio.o
LOAD Drivers\STM32L1xx_HAL_Driver\stm32l1xx_hal_flash_ramfunc.o
LOAD Drivers\STM32L1xx_HAL_Driver\stm32l1xx_hal_flash_ex.o
LOAD Drivers\STM32L1xx_HAL_Driver\stm32l1xx_hal_flash.o
LOAD Drivers\STM32L1xx_HAL_Driver\stm32l1xx_hal_dma.o
LOAD Drivers\STM32L1xx_HAL_Driver\stm32l1xx_hal_cortex.o
LOAD Drivers\STM32L1xx_HAL_Driver\stm32l1xx_hal_adc_ex.o
LOAD Drivers\STM32L1xx_HAL_Driver\stm32l1xx_hal_adc.o
LOAD Drivers\STM32L1xx_HAL_Driver\stm32l1xx_hal.o
LOAD Drivers\CMSIS\system_stm32l1xx.o
LOAD Application\User\usart.o
LOAD Application\User\stm32l1xx_it.o
LOAD Application\User\stm32l1xx_hal_msp.o
LOAD Application\User\spi.o
LOAD Application\User\rtc.o
LOAD Application\User\nodeid.o
LOAD Application\User\main.o
LOAD Application\User\load_screens.o
LOAD Application\User\gpio.o
LOAD Application\User\glue.o
LOAD Application\User\ecog_driver.o
LOAD Application\User\cbutils.o
LOAD Application\User\adc.o
LOAD Application\User\Arial_Narrow18x26.o
LOAD Application\User\Arial_Narrow14x20.o
LOAD Application\TrueSTUDIO\startup_stm32l151xb.o
START GROUP
LOAD c:/program files (x86)/atollic/truestudio for arm 5.4.0/armtools/bin/../lib/gcc/arm-atollic-eabi/4.8.3/../../../../arm-atollic-eabi/lib/armv7-m\libc.a
LOAD c:/program files (x86)/atollic/truestudio for arm 5.4.0/armtools/bin/../lib/gcc/arm-atollic-eabi/4.8.3/../../../../arm-atollic-eabi/lib/armv7-m\libm.a
END GROUP
                0x00001000                malloc_getpagesize_P = 0x1000
START GROUP
LOAD c:/program files (x86)/atollic/truestudio for arm 5.4.0/armtools/bin/../lib/gcc/arm-atollic-eabi/4.8.3/armv7-m\libgcc.a
LOAD c:/program files (x86)/atollic/truestudio for arm 5.4.0/armtools/bin/../lib/gcc/arm-atollic-eabi/4.8.3/../../../../arm-atollic-eabi/lib/armv7-m\libc.a
END GROUP
LOAD c:/program files (x86)/atollic/truestudio for arm 5.4.0/armtools/bin/../lib/gcc/arm-atollic-eabi/4.8.3/armv7-m/crtend.o
LOAD c:/program files (x86)/atollic/truestudio for arm 5.4.0/armtools/bin/../lib/gcc/arm-atollic-eabi/4.8.3/armv7-m/crtn.o
                0x20004000                _estack = 0x20004000
                0x00000000                _Min_Heap_Size = 0x0
                0x00000400                _Min_Stack_Size = 0x400

.isr_vector     0x08000000      0x13c
                0x08000000                . = ALIGN (0x4)
 *(.isr_vector)
 .isr_vector    0x08000000      0x13c Application\TrueSTUDIO\startup_stm32l151xb.o
                0x08000000                g_pfnVectors
                0x0800013c                . = ALIGN (0x4)

.text           0x08000140     0x98f8
                0x08000140                . = ALIGN (0x4)
 *(.text)
 .text          0x08000140       0x40 c:/program files (x86)/atollic/truestudio for arm 5.4.0/armtools/bin/../lib/gcc/arm-atollic-eabi/4.8.3/armv7-m/crtbegin.o
 .text          0x08000180      0x370 c:/program files (x86)/atollic/truestudio for arm 5.4.0/armtools/bin/../lib/gcc/arm-atollic-eabi/4.8.3/armv7-m\libgcc.a(_arm_addsubdf3.o)
                0x08000180                __aeabi_drsub
                0x08000188                __aeabi_dsub
                0x08000188                __subdf3
                0x0800018c                __aeabi_dadd
                0x0800018c                __adddf3
                0x08000404                __floatunsidf
                0x08000404                __aeabi_ui2d
                0x08000424                __floatsidf
                0x08000424                __aeabi_i2d
                0x08000448                __aeabi_f2d
                0x08000448                __extendsfdf2
                0x08000484                __floatundidf
                0x08000484                __aeabi_ul2d
                0x08000494                __floatdidf
                0x08000494                __aeabi_l2d
 .text          0x080004f0      0x424 c:/program files (x86)/atollic/truestudio for arm 5.4.0/armtools/bin/../lib/gcc/arm-atollic-eabi/4.8.3/armv7-m\libgcc.a(_arm_muldivdf3.o)
                0x080004f0                __aeabi_dmul
                0x080004f0                __muldf3
                0x08000744                __divdf3
                0x08000744                __aeabi_ddiv
 .text          0x08000914      0x110 c:/program files (x86)/atollic/truestudio for arm 5.4.0/armtools/bin/../lib/gcc/arm-atollic-eabi/4.8.3/armv7-m\libgcc.a(_arm_cmpdf2.o)
                0x08000914                __gtdf2
                0x08000914                __gedf2
                0x0800091c                __ltdf2
                0x0800091c                __ledf2
                0x08000924                __nedf2
                0x08000924                __eqdf2
                0x08000924                __cmpdf2
                0x080009a0                __aeabi_cdrcmple
                0x080009b0                __aeabi_cdcmpeq
                0x080009b0                __aeabi_cdcmple
                0x080009c0                __aeabi_dcmpeq
                0x080009d4                __aeabi_dcmplt
                0x080009e8                __aeabi_dcmple
                0x080009fc                __aeabi_dcmpge
                0x08000a10                __aeabi_dcmpgt
 .text          0x08000a24       0x50 c:/program files (x86)/atollic/truestudio for arm 5.4.0/armtools/bin/../lib/gcc/arm-atollic-eabi/4.8.3/armv7-m\libgcc.a(_arm_fixdfsi.o)
                0x08000a24                __aeabi_d2iz
                0x08000a24                __fixdfsi
 .text          0x08000a74       0x2c c:/program files (x86)/atollic/truestudio for arm 5.4.0/armtools/bin/../lib/gcc/arm-atollic-eabi/4.8.3/armv7-m\libgcc.a(_aeabi_uldivmod.o)
                0x08000a74                __aeabi_uldivmod
 .text          0x08000aa0       0x60 c:/program files (x86)/atollic/truestudio for arm 5.4.0/armtools/bin/../lib/gcc/arm-atollic-eabi/4.8.3/armv7-m\libgcc.a(bpabi.o)
                0x08000aa0                __gnu_ldivmod_helper
                0x08000ad0                __gnu_uldivmod_helper
 .text          0x08000b00        0x4 c:/program files (x86)/atollic/truestudio for arm 5.4.0/armtools/bin/../lib/gcc/arm-atollic-eabi/4.8.3/armv7-m\libgcc.a(_dvmd_tls.o)
                0x08000b00                __aeabi_idiv0
                0x08000b00                __aeabi_ldiv0
 .text          0x08000b04      0x2a0 c:/program files (x86)/atollic/truestudio for arm 5.4.0/armtools/bin/../lib/gcc/arm-atollic-eabi/4.8.3/armv7-m\libgcc.a(_divdi3.o)
                0x08000b04                __divdi3
 .text          0x08000da4      0x290 c:/program files (x86)/atollic/truestudio for arm 5.4.0/armtools/bin/../lib/gcc/arm-atollic-eabi/4.8.3/armv7-m\libgcc.a(_udivdi3.o)
                0x08000da4                __udivdi3
 *(.text*)
 .text.UART_SetConfig
                0x08001034      0x138 Drivers\STM32L1xx_HAL_Driver\stm32l1xx_hal_uart.o
 .text.UART_WaitOnFlagUntilTimeout.constprop.0
                0x0800116c       0x60 Drivers\STM32L1xx_HAL_Driver\stm32l1xx_hal_uart.o
 .text.HAL_UART_Init
                0x080011cc       0x58 Drivers\STM32L1xx_HAL_Driver\stm32l1xx_hal_uart.o
                0x080011cc                HAL_UART_Init
 .text.HAL_UART_Transmit
                0x08001224       0xb8 Drivers\STM32L1xx_HAL_Driver\stm32l1xx_hal_uart.o
                0x08001224                HAL_UART_Transmit
 .text.HAL_UART_Receive
                0x080012dc       0xbc Drivers\STM32L1xx_HAL_Driver\stm32l1xx_hal_uart.o
                0x080012dc                HAL_UART_Receive
 .text.HAL_UART_IRQHandler
                0x08001398      0x184 Drivers\STM32L1xx_HAL_Driver\stm32l1xx_hal_uart.o
                0x08001398                HAL_UART_IRQHandler
 .text.HAL_SPI_Init
                0x0800151c       0x72 Drivers\STM32L1xx_HAL_Driver\stm32l1xx_hal_spi_ex.o
                0x0800151c                HAL_SPI_Init
 .text.SPI_WaitOnFlagUntilTimeout
                0x0800158e       0x92 Drivers\STM32L1xx_HAL_Driver\stm32l1xx_hal_spi.o
 .text.HAL_SPI_TransmitReceive
                0x08001620      0x2a4 Drivers\STM32L1xx_HAL_Driver\stm32l1xx_hal_spi.o
                0x08001620                HAL_SPI_TransmitReceive
 .text.HAL_RTC_GetTime
                0x080018c4       0x3e Drivers\STM32L1xx_HAL_Driver\stm32l1xx_hal_rtc_ex.o
                0x080018c4                HAL_RTC_GetTime
 *fill*         0x08001902        0x2 
 .text.HAL_RTC_SetAlarm_IT
                0x08001904      0x16c Drivers\STM32L1xx_HAL_Driver\stm32l1xx_hal_rtc_ex.o
                0x08001904                HAL_RTC_SetAlarm_IT
 .text.HAL_RTC_WaitForSynchro
                0x08001a70       0x30 Drivers\STM32L1xx_HAL_Driver\stm32l1xx_hal_rtc_ex.o
                0x08001a70                HAL_RTC_WaitForSynchro
 .text.HAL_RTCEx_SetWakeUpTimer_IT
                0x08001aa0       0xd8 Drivers\STM32L1xx_HAL_Driver\stm32l1xx_hal_rtc_ex.o
                0x08001aa0                HAL_RTCEx_SetWakeUpTimer_IT
 .text.HAL_RTCEx_WakeUpTimerEventCallback
                0x08001b78        0x2 Drivers\STM32L1xx_HAL_Driver\stm32l1xx_hal_rtc_ex.o
                0x08001b78                HAL_RTCEx_WakeUpTimerEventCallback
 *fill*         0x08001b7a        0x2 
 .text.HAL_RTCEx_WakeUpTimerIRQHandler
                0x08001b7c       0x30 Drivers\STM32L1xx_HAL_Driver\stm32l1xx_hal_rtc_ex.o
                0x08001b7c                HAL_RTCEx_WakeUpTimerIRQHandler
 .text.HAL_RTCEx_AlarmBEventCallback
                0x08001bac        0x2 Drivers\STM32L1xx_HAL_Driver\stm32l1xx_hal_rtc_ex.o
                0x08001bac                HAL_RTCEx_AlarmBEventCallback
 *fill*         0x08001bae        0x2 
 .text.HAL_RTC_AlarmIRQHandler
                0x08001bb0       0x54 Drivers\STM32L1xx_HAL_Driver\stm32l1xx_hal_rtc.o
                0x08001bb0                HAL_RTC_AlarmIRQHandler
 .text.RTC_EnterInitMode
                0x08001c04       0x34 Drivers\STM32L1xx_HAL_Driver\stm32l1xx_hal_rtc.o
                0x08001c04                RTC_EnterInitMode
 .text.HAL_RTC_Init
                0x08001c38       0x88 Drivers\STM32L1xx_HAL_Driver\stm32l1xx_hal_rtc.o
                0x08001c38                HAL_RTC_Init
 .text.RTC_ByteToBcd2
                0x08001cc0       0x16 Drivers\STM32L1xx_HAL_Driver\stm32l1xx_hal_rtc.o
                0x08001cc0                RTC_ByteToBcd2
 .text.HAL_RTC_SetTime
                0x08001cd6       0xd8 Drivers\STM32L1xx_HAL_Driver\stm32l1xx_hal_rtc.o
                0x08001cd6                HAL_RTC_SetTime
 .text.HAL_RTC_SetDate
                0x08001dae       0xbc Drivers\STM32L1xx_HAL_Driver\stm32l1xx_hal_rtc.o
                0x08001dae                HAL_RTC_SetDate
 .text.RTC_Bcd2ToByte
                0x08001e6a       0x10 Drivers\STM32L1xx_HAL_Driver\stm32l1xx_hal_rtc.o
                0x08001e6a                RTC_Bcd2ToByte
 .text.HAL_RTC_GetDate
                0x08001e7a       0x3c Drivers\STM32L1xx_HAL_Driver\stm32l1xx_hal_rtc.o
                0x08001e7a                HAL_RTC_GetDate
 *fill*         0x08001eb6        0x2 
 .text.HAL_RCCEx_PeriphCLKConfig
                0x08001eb8      0x100 Drivers\STM32L1xx_HAL_Driver\stm32l1xx_hal_rcc_ex.o
                0x08001eb8                HAL_RCCEx_PeriphCLKConfig
 .text.RCC_SetFlashLatencyFromMSIRange
                0x08001fb8       0x74 Drivers\STM32L1xx_HAL_Driver\stm32l1xx_hal_rcc.o
 .text.HAL_RCC_OscConfig
                0x0800202c      0x6e4 Drivers\STM32L1xx_HAL_Driver\stm32l1xx_hal_rcc.o
                0x0800202c                HAL_RCC_OscConfig
 .text.HAL_RCC_ClockConfig
                0x08002710      0x2c0 Drivers\STM32L1xx_HAL_Driver\stm32l1xx_hal_rcc.o
                0x08002710                HAL_RCC_ClockConfig
 .text.HAL_RCC_GetSysClockFreq
                0x080029d0       0x94 Drivers\STM32L1xx_HAL_Driver\stm32l1xx_hal_rcc.o
                0x080029d0                HAL_RCC_GetSysClockFreq
 .text.HAL_RCC_GetHCLKFreq
                0x08002a64       0x34 Drivers\STM32L1xx_HAL_Driver\stm32l1xx_hal_rcc.o
                0x08002a64                HAL_RCC_GetHCLKFreq
 .text.HAL_RCC_GetPCLK1Freq
                0x08002a98       0x2c Drivers\STM32L1xx_HAL_Driver\stm32l1xx_hal_rcc.o
                0x08002a98                HAL_RCC_GetPCLK1Freq
 .text.HAL_RCC_GetPCLK2Freq
                0x08002ac4       0x2c Drivers\STM32L1xx_HAL_Driver\stm32l1xx_hal_rcc.o
                0x08002ac4                HAL_RCC_GetPCLK2Freq
 .text.HAL_RCC_GetOscConfig
                0x08002af0       0xc0 Drivers\STM32L1xx_HAL_Driver\stm32l1xx_hal_rcc.o
                0x08002af0                HAL_RCC_GetOscConfig
 .text.HAL_RCC_GetClockConfig
                0x08002bb0       0x3c Drivers\STM32L1xx_HAL_Driver\stm32l1xx_hal_rcc.o
                0x08002bb0                HAL_RCC_GetClockConfig
 .text.HAL_PWREx_GetVoltageRange
                0x08002bec       0x10 Drivers\STM32L1xx_HAL_Driver\stm32l1xx_hal_pwr_ex.o
                0x08002bec                HAL_PWREx_GetVoltageRange
 .text.HAL_PWREx_EnableFastWakeUp
                0x08002bfc       0x1c Drivers\STM32L1xx_HAL_Driver\stm32l1xx_hal_pwr_ex.o
                0x08002bfc                HAL_PWREx_EnableFastWakeUp
 .text.HAL_PWREx_EnableUltraLowPower
                0x08002c18       0x1c Drivers\STM32L1xx_HAL_Driver\stm32l1xx_hal_pwr_ex.o
                0x08002c18                HAL_PWREx_EnableUltraLowPower
 .text.HAL_PWR_EnterSTOPMode
                0x08002c34       0x38 Drivers\STM32L1xx_HAL_Driver\stm32l1xx_hal_pwr.o
                0x08002c34                HAL_PWR_EnterSTOPMode
 .text.HAL_GPIO_Init
                0x08002c6c      0x1a4 Drivers\STM32L1xx_HAL_Driver\stm32l1xx_hal_gpio.o
                0x08002c6c                HAL_GPIO_Init
 .text.HAL_GPIO_DeInit
                0x08002e10       0xf8 Drivers\STM32L1xx_HAL_Driver\stm32l1xx_hal_gpio.o
                0x08002e10                HAL_GPIO_DeInit
 .text.HAL_GPIO_ReadPin
                0x08002f08        0xc Drivers\STM32L1xx_HAL_Driver\stm32l1xx_hal_gpio.o
                0x08002f08                HAL_GPIO_ReadPin
 .text.HAL_GPIO_WritePin
                0x08002f14        0x8 Drivers\STM32L1xx_HAL_Driver\stm32l1xx_hal_gpio.o
                0x08002f14                HAL_GPIO_WritePin
 .text.HAL_GPIO_EXTI_IRQHandler
                0x08002f1c       0x18 Drivers\STM32L1xx_HAL_Driver\stm32l1xx_hal_gpio.o
                0x08002f1c                HAL_GPIO_EXTI_IRQHandler
 .text.HAL_NVIC_SetPriorityGrouping
                0x08002f34       0x24 Drivers\STM32L1xx_HAL_Driver\stm32l1xx_hal_cortex.o
                0x08002f34                HAL_NVIC_SetPriorityGrouping
 .text.HAL_NVIC_SetPriority
                0x08002f58       0x64 Drivers\STM32L1xx_HAL_Driver\stm32l1xx_hal_cortex.o
                0x08002f58                HAL_NVIC_SetPriority
 .text.HAL_NVIC_EnableIRQ
                0x08002fbc       0x18 Drivers\STM32L1xx_HAL_Driver\stm32l1xx_hal_cortex.o
                0x08002fbc                HAL_NVIC_EnableIRQ
 .text.HAL_NVIC_DisableIRQ
                0x08002fd4       0x1c Drivers\STM32L1xx_HAL_Driver\stm32l1xx_hal_cortex.o
                0x08002fd4                HAL_NVIC_DisableIRQ
 .text.HAL_SYSTICK_Config
                0x08002ff0       0x2c Drivers\STM32L1xx_HAL_Driver\stm32l1xx_hal_cortex.o
                0x08002ff0                HAL_SYSTICK_Config
 .text.HAL_NVIC_GetPendingIRQ
                0x0800301c       0x1c Drivers\STM32L1xx_HAL_Driver\stm32l1xx_hal_cortex.o
                0x0800301c                HAL_NVIC_GetPendingIRQ
 .text.HAL_NVIC_ClearPendingIRQ
                0x08003038       0x1c Drivers\STM32L1xx_HAL_Driver\stm32l1xx_hal_cortex.o
                0x08003038                HAL_NVIC_ClearPendingIRQ
 .text.HAL_SYSTICK_CLKSourceConfig
                0x08003054       0x18 Drivers\STM32L1xx_HAL_Driver\stm32l1xx_hal_cortex.o
                0x08003054                HAL_SYSTICK_CLKSourceConfig
 .text.HAL_SYSTICK_Callback
                0x0800306c        0x2 Drivers\STM32L1xx_HAL_Driver\stm32l1xx_hal_cortex.o
                0x0800306c                HAL_SYSTICK_Callback
 .text.HAL_SYSTICK_IRQHandler
                0x0800306e        0x8 Drivers\STM32L1xx_HAL_Driver\stm32l1xx_hal_cortex.o
                0x0800306e                HAL_SYSTICK_IRQHandler
 *fill*         0x08003076        0x2 
 .text.HAL_ADC_Init
                0x08003078      0x17c Drivers\STM32L1xx_HAL_Driver\stm32l1xx_hal_adc.o
                0x08003078                HAL_ADC_Init
 .text.HAL_ADC_PollForConversion
                0x080031f4       0xa4 Drivers\STM32L1xx_HAL_Driver\stm32l1xx_hal_adc.o
                0x080031f4                HAL_ADC_PollForConversion
 .text.HAL_ADC_GetValue
                0x08003298        0x6 Drivers\STM32L1xx_HAL_Driver\stm32l1xx_hal_adc.o
                0x08003298                HAL_ADC_GetValue
 *fill*         0x0800329e        0x2 
 .text.HAL_ADC_ConfigChannel
                0x080032a0      0x15c Drivers\STM32L1xx_HAL_Driver\stm32l1xx_hal_adc.o
                0x080032a0                HAL_ADC_ConfigChannel
 .text.ADC_Enable
                0x080033fc       0x74 Drivers\STM32L1xx_HAL_Driver\stm32l1xx_hal_adc.o
                0x080033fc                ADC_Enable
 .text.HAL_ADC_Start
                0x08003470       0x72 Drivers\STM32L1xx_HAL_Driver\stm32l1xx_hal_adc.o
                0x08003470                HAL_ADC_Start
 .text.ADC_ConversionStop_Disable
                0x080034e2       0x44 Drivers\STM32L1xx_HAL_Driver\stm32l1xx_hal_adc.o
                0x080034e2                ADC_ConversionStop_Disable
 *fill*         0x08003526        0x2 
 .text.HAL_ADC_DeInit
                0x08003528       0xf8 Drivers\STM32L1xx_HAL_Driver\stm32l1xx_hal_adc.o
                0x08003528                HAL_ADC_DeInit
 .text.HAL_ADC_Stop
                0x08003620       0x34 Drivers\STM32L1xx_HAL_Driver\stm32l1xx_hal_adc.o
                0x08003620                HAL_ADC_Stop
 .text.HAL_InitTick
                0x08003654       0x24 Drivers\STM32L1xx_HAL_Driver\stm32l1xx_hal.o
                0x08003654                HAL_InitTick
 .text.HAL_Init
                0x08003678       0x16 Drivers\STM32L1xx_HAL_Driver\stm32l1xx_hal.o
                0x08003678                HAL_Init
 *fill*         0x0800368e        0x2 
 .text.HAL_IncTick
                0x08003690       0x10 Drivers\STM32L1xx_HAL_Driver\stm32l1xx_hal.o
                0x08003690                HAL_IncTick
 .text.HAL_GetTick
                0x080036a0        0xc Drivers\STM32L1xx_HAL_Driver\stm32l1xx_hal.o
                0x080036a0                HAL_GetTick
 .text.HAL_Delay
                0x080036ac       0x1a Drivers\STM32L1xx_HAL_Driver\stm32l1xx_hal.o
                0x080036ac                HAL_Delay
 *fill*         0x080036c6        0x2 
 .text.HAL_DBGMCU_DisableDBGStopMode
                0x080036c8       0x10 Drivers\STM32L1xx_HAL_Driver\stm32l1xx_hal.o
                0x080036c8                HAL_DBGMCU_DisableDBGStopMode
 .text.SystemInit
                0x080036d8       0x48 Drivers\CMSIS\system_stm32l1xx.o
                0x080036d8                SystemInit
 .text.MX_USART1_UART_Init
                0x08003720       0x28 Application\User\usart.o
                0x08003720                MX_USART1_UART_Init
 .text.MX_USART3_UART_Init
                0x08003748       0x28 Application\User\usart.o
                0x08003748                MX_USART3_UART_Init
 .text.HAL_UART_MspInit
                0x08003770       0xac Application\User\usart.o
                0x08003770                HAL_UART_MspInit
 .text.HAL_UART_MspDeInit
                0x0800381c       0x5c Application\User\usart.o
                0x0800381c                HAL_UART_MspDeInit
 .text.SysTick_Handler
                0x08003878        0xe Application\User\stm32l1xx_it.o
                0x08003878                SysTick_Handler
 *fill*         0x08003886        0x2 
 .text.RTC_WKUP_IRQHandler
                0x08003888        0xc Application\User\stm32l1xx_it.o
                0x08003888                RTC_WKUP_IRQHandler
 .text.EXTI3_IRQHandler
                0x08003894        0x6 Application\User\stm32l1xx_it.o
                0x08003894                EXTI3_IRQHandler
 *fill*         0x0800389a        0x2 
 .text.USART1_IRQHandler
                0x0800389c        0xc Application\User\stm32l1xx_it.o
                0x0800389c                USART1_IRQHandler
 .text.USART3_IRQHandler
                0x080038a8        0xc Application\User\stm32l1xx_it.o
                0x080038a8                USART3_IRQHandler
 .text.EXTI15_10_IRQHandler
                0x080038b4        0x8 Application\User\stm32l1xx_it.o
                0x080038b4                EXTI15_10_IRQHandler
 .text.RTC_Alarm_IRQHandler
                0x080038bc        0xc Application\User\stm32l1xx_it.o
                0x080038bc                RTC_Alarm_IRQHandler
 .text.HAL_MspInit
                0x080038c8       0x44 Application\User\stm32l1xx_hal_msp.o
                0x080038c8                HAL_MspInit
 .text.MX_SPI1_Init
                0x0800390c       0x38 Application\User\spi.o
                0x0800390c                MX_SPI1_Init
 .text.HAL_SPI_MspInit
                0x08003944       0x4c Application\User\spi.o
                0x08003944                HAL_SPI_MspInit
 .text.MX_RTC_Init
                0x08003990       0xac Application\User\rtc.o
                0x08003990                MX_RTC_Init
 .text.HAL_RTC_MspInit
                0x08003a3c       0x4c Application\User\rtc.o
                0x08003a3c                HAL_RTC_MspInit
 .text.Set_Node_ID
                0x08003a88        0xe Application\User\nodeid.o
                0x08003a88                Set_Node_ID
 *fill*         0x08003a96        0x2 
 .text.NVIC_SystemReset
                0x08003a98       0x24 Application\User\main.o
 .text.SYSCLKConfig_STOP
                0x08003abc       0x90 Application\User\main.o
 .text.SystemPower_Config
                0x08003b4c       0x28 Application\User\main.o
 .text.SystemClock_Config
                0x08003b74       0xa0 Application\User\main.o
                0x08003b74                SystemClock_Config
 .text.Build_Screen
                0x08003c14      0x18c Application\User\main.o
                0x08003c14                Build_Screen
 .text.Set_Display
                0x08003da0       0x78 Application\User\main.o
                0x08003da0                Set_Display
 .text.On_Button_Press
                0x08003e18      0x218 Application\User\main.o
                0x08003e18                On_Button_Press
 .text.HAL_GPIO_EXTI_Callback
                0x08004030       0x3c Application\User\main.o
                0x08004030                HAL_GPIO_EXTI_Callback
 .text.HAL_UART_TxCpltCallback
                0x0800406c       0x2c Application\User\main.o
                0x0800406c                HAL_UART_TxCpltCallback
 .text.HAL_UART_RxCpltCallback
                0x08004098       0x2c Application\User\main.o
                0x08004098                HAL_UART_RxCpltCallback
 .text.Radio_Tx
                0x080040c4       0x4c Application\User\main.o
                0x080040c4                Radio_Tx
 .text.Radio_On
                0x08004110       0x8c Application\User\main.o
                0x08004110                Radio_On
 .text.Radio_Off
                0x0800419c       0xac Application\User\main.o
                0x0800419c                Radio_Off
 .text.Rx_Message
                0x08004248       0x5c Application\User\main.o
                0x08004248                Rx_Message
 .text.Message_Search
                0x080042a4       0x90 Application\User\main.o
                0x080042a4                Message_Search
 .text.Send_Delay
                0x08004334       0x40 Application\User\main.o
                0x08004334                Send_Delay
 .text.HAL_RTC_AlarmAEventCallback
                0x08004374        0xc Application\User\main.o
                0x08004374                HAL_RTC_AlarmAEventCallback
 .text.Get_Temperature
                0x08004380       0xe4 Application\User\main.o
                0x08004380                Get_Temperature
 .text.Get_RSSI
                0x08004464       0xbc Application\User\main.o
                0x08004464                Get_RSSI
 .text.Network_Include
                0x08004520      0x240 Application\User\main.o
                0x08004520                Network_Include
 .text.Manage_Send
                0x08004760      0x29c Application\User\main.o
                0x08004760                Manage_Send
 .text.Send_Message
                0x080049fc       0x74 Application\User\main.o
                0x080049fc                Send_Message
 .text.Read_Battery
                0x08004a70      0x164 Application\User\main.o
                0x08004a70                Read_Battery
 .text.On_NewState
                0x08004bd4      0x100 Application\User\main.o
                0x08004bd4                On_NewState
 .text.Store_Config
                0x08004cd4       0xf0 Application\User\main.o
                0x08004cd4                Store_Config
 .text.Listen_Radio
                0x08004dc4      0x178 Application\User\main.o
                0x08004dc4                Listen_Radio
 .text.Set_Wakeup
                0x08004f3c       0x94 Application\User\main.o
                0x08004f3c                Set_Wakeup
 .text.On_RTC_IRQ
                0x08004fd0       0x9c Application\User\main.o
                0x08004fd0                On_RTC_IRQ
 .text.Configure_And_Test
                0x0800506c      0x280 Application\User\main.o
                0x0800506c                Configure_And_Test
 .text.On_Button_IRQ
                0x080052ec      0x1c4 Application\User\main.o
                0x080052ec                On_Button_IRQ
 .text.Initialise_States
                0x080054b0       0xe4 Application\User\main.o
                0x080054b0                Initialise_States
 .text.startup.main
                0x08005594      0x328 Application\User\main.o
                0x08005594                main
 .text.Load_Normal_Screens
                0x080058bc       0xc4 Application\User\load_screens.o
                0x080058bc                Load_Normal_Screens
 .text.Load_Demo_Screens
                0x08005980      0x270 Application\User\load_screens.o
                0x08005980                Load_Demo_Screens
 .text.MX_GPIO_Init
                0x08005bf0      0x150 Application\User\gpio.o
                0x08005bf0                MX_GPIO_Init
 .text.spi_init
                0x08005d40        0x4 Application\User\glue.o
                0x08005d40                spi_init
 .text.spi_deinit
                0x08005d44       0x2c Application\User\glue.o
                0x08005d44                spi_deinit
 .text.spi_hw   0x08005d70       0x2c Application\User\glue.o
                0x08005d70                spi_hw
 .text.timers_sdelay
                0x08005d9c       0x12 Application\User\glue.o
                0x08005d9c                timers_sdelay
 .text.misc_reverse_byte
                0x08005dae       0x1e Application\User\glue.o
                0x08005dae                misc_reverse_byte
 .text.check_busy
                0x08005dcc       0x20 Application\User\ecog_driver.o
                0x08005dcc                check_busy
 .text.ecog_position
                0x08005dec       0x14 Application\User\ecog_driver.o
                0x08005dec                ecog_position
 .text.ecog_plot
                0x08005e00       0x54 Application\User\ecog_driver.o
                0x08005e00                ecog_plot
 .text.ecog_box
                0x08005e54       0x6e Application\User\ecog_driver.o
                0x08005e54                ecog_box
 *fill*         0x08005ec2        0x2 
 .text.ecog_cursor_move
                0x08005ec4       0x34 Application\User\ecog_driver.o
                0x08005ec4                ecog_cursor_move
 .text.ecog_putchar
                0x08005ef8       0xbc Application\User\ecog_driver.o
                0x08005ef8                ecog_putchar
 .text.ecog_printf
                0x08005fb4       0x16 Application\User\ecog_driver.o
                0x08005fb4                ecog_printf
 .text.ecog_character_width
                0x08005fca       0x32 Application\User\ecog_driver.o
                0x08005fca                ecog_character_width
 .text.ecog_text_width
                0x08005ffc       0x1e Application\User\ecog_driver.o
                0x08005ffc                ecog_text_width
 *fill*         0x0800601a        0x2 
 .text.ecog_printfc
                0x0800601c       0x3c Application\User\ecog_driver.o
                0x0800601c                ecog_printfc
 .text.ecog_printfl
                0x08006058       0x3c Application\User\ecog_driver.o
                0x08006058                ecog_printfl
 .text.ecog_printfr
                0x08006094       0x38 Application\User\ecog_driver.o
                0x08006094                ecog_printfr
 .text.ecog_cls
                0x080060cc       0x28 Application\User\ecog_driver.o
                0x080060cc                ecog_cls
 .text.ecog_send
                0x080060f4       0x1c Application\User\ecog_driver.o
                0x080060f4                ecog_send
 .text.ecog_single
                0x08006110       0x1c Application\User\ecog_driver.o
                0x08006110                ecog_single
 .text.ecog_read
                0x0800612c       0x20 Application\User\ecog_driver.o
                0x0800612c                ecog_read
 .text.ecog_write
                0x0800614c       0x22 Application\User\ecog_driver.o
                0x0800614c                ecog_write
 .text.ecog_set_display_data
                0x0800616e       0x48 Application\User\ecog_driver.o
                0x0800616e                ecog_set_display_data
 .text.ecog_read_id
                0x080061b6       0x12 Application\User\ecog_driver.o
                0x080061b6                ecog_read_id
 .text.ecog_power_display
                0x080061c8       0x68 Application\User\ecog_driver.o
                0x080061c8                ecog_power_display
 .text.ecog_initialise_cog
                0x08006230      0x100 Application\User\ecog_driver.o
                0x08006230                ecog_initialise_cog
 .text.ecog_send_scan_line
                0x08006330       0xfc Application\User\ecog_driver.o
                0x08006330                ecog_send_scan_line
 .text.ecog_blank_screen
                0x0800642c       0x24 Application\User\ecog_driver.o
                0x0800642c                ecog_blank_screen
 .text.ecog_write_nothing_frame
                0x08006450       0x94 Application\User\ecog_driver.o
                0x08006450                ecog_write_nothing_frame
 .text.ecog_write_border
                0x080064e4       0x6c Application\User\ecog_driver.o
                0x080064e4                ecog_write_border
 .text.ecog_discharge_capacitors
                0x08006550       0xa4 Application\User\ecog_driver.o
                0x08006550                ecog_discharge_capacitors
 .text.ecog_write_inverse
                0x080065f4       0x3c Application\User\ecog_driver.o
                0x080065f4                ecog_write_inverse
 .text.ecog_write_screen_data
                0x08006630       0x70 Application\User\ecog_driver.o
                0x08006630                ecog_write_screen_data
 .text.ecog_update_display
                0x080066a0       0x50 Application\User\ecog_driver.o
                0x080066a0                ecog_update_display
 .text.ecog_init
                0x080066f0       0x10 Application\User\ecog_driver.o
                0x080066f0                ecog_init
 .text.Debug_Tx
                0x08006700        0x6 Application\User\cbutils.o
                0x08006700                Debug_Tx
 *fill*         0x08006706        0x2 
 .text.HAL_UART_ErrorCallback
                0x08006708       0x14 Application\User\cbutils.o
                0x08006708                HAL_UART_ErrorCallback
 .text.DWT_Init
                0x0800671c       0x28 Application\User\cbutils.o
                0x0800671c                DWT_Init
 .text.DWT_Get  0x08006744        0xc Application\User\cbutils.o
                0x08006744                DWT_Get
 .text.SPI_TxRx
                0x08006750       0x40 Application\User\cbutils.o
                0x08006750                SPI_TxRx
 .text.Cbr_Now  0x08006790       0x3c Application\User\cbutils.o
                0x08006790                Cbr_Now
 .text.HMS      0x080067cc       0x26 Application\User\cbutils.o
                0x080067cc                HMS
 *fill*         0x080067f2        0x2 
 .text.RTC_Delay
                0x080067f4       0xe4 Application\User\cbutils.o
                0x080067f4                RTC_Delay
 .text.Enable_IRQ
                0x080068d8       0x80 Application\User\cbutils.o
                0x080068d8                Enable_IRQ
 .text.Print_To_Debug
                0x08006958       0x48 Application\User\cbutils.o
                0x08006958                Print_To_Debug
 .text.MX_ADC_Init
                0x080069a0       0x4c Application\User\adc.o
                0x080069a0                MX_ADC_Init
 .text.HAL_ADC_MspInit
                0x080069ec       0x40 Application\User\adc.o
                0x080069ec                HAL_ADC_MspInit
 .text.HAL_ADC_MspDeInit
                0x08006a2c       0x28 Application\User\adc.o
                0x08006a2c                HAL_ADC_MspDeInit
 .text.Reset_Handler
                0x08006a54       0x50 Application\TrueSTUDIO\startup_stm32l151xb.o
                0x08006a54                Reset_Handler
 .text.Default_Handler
                0x08006aa4        0x4 Application\TrueSTUDIO\startup_stm32l151xb.o
                0x08006aa4                EXTI2_IRQHandler
                0x08006aa4                DebugMon_Handler
                0x08006aa4                HardFault_Handler
                0x08006aa4                TIM10_IRQHandler
                0x08006aa4                USB_HP_IRQHandler
                0x08006aa4                TIM6_IRQHandler
                0x08006aa4                PVD_IRQHandler
                0x08006aa4                PendSV_Handler
                0x08006aa4                NMI_Handler
                0x08006aa4                EXTI0_IRQHandler
                0x08006aa4                I2C2_EV_IRQHandler
                0x08006aa4                UsageFault_Handler
                0x08006aa4                SPI1_IRQHandler
                0x08006aa4                USB_FS_WKUP_IRQHandler
                0x08006aa4                DMA1_Channel4_IRQHandler
                0x08006aa4                ADC1_IRQHandler
                0x08006aa4                DMA1_Channel7_IRQHandler
                0x08006aa4                TIM4_IRQHandler
                0x08006aa4                I2C1_EV_IRQHandler
                0x08006aa4                DMA1_Channel6_IRQHandler
                0x08006aa4                TIM3_IRQHandler
                0x08006aa4                RCC_IRQHandler
                0x08006aa4                DMA1_Channel1_IRQHandler
                0x08006aa4                Default_Handler
                0x08006aa4                TIM7_IRQHandler
                0x08006aa4                EXTI9_5_IRQHandler
                0x08006aa4                TIM9_IRQHandler
                0x08006aa4                TAMPER_STAMP_IRQHandler
                0x08006aa4                SPI2_IRQHandler
                0x08006aa4                MemManage_Handler
                0x08006aa4                SVC_Handler
                0x08006aa4                DMA1_Channel5_IRQHandler
                0x08006aa4                USB_LP_IRQHandler
                0x08006aa4                EXTI4_IRQHandler
                0x08006aa4                DMA1_Channel3_IRQHandler
                0x08006aa4                COMP_IRQHandler
                0x08006aa4                WWDG_IRQHandler
                0x08006aa4                TIM2_IRQHandler
                0x08006aa4                DAC_IRQHandler
                0x08006aa4                EXTI1_IRQHandler
                0x08006aa4                TIM11_IRQHandler
                0x08006aa4                USART2_IRQHandler
                0x08006aa4                I2C2_ER_IRQHandler
                0x08006aa4                DMA1_Channel2_IRQHandler
                0x08006aa4                FLASH_IRQHandler
                0x08006aa4                BusFault_Handler
                0x08006aa4                I2C1_ER_IRQHandler
 .text.atoi     0x08006aa8        0x8 c:/program files (x86)/atollic/truestudio for arm 5.4.0/armtools/bin/../lib/gcc/arm-atollic-eabi/4.8.3/../../../../arm-atollic-eabi/lib/armv7-m\libc.a(lib_a-atoi.o)
                0x08006aa8                atoi
 .text.__libc_init_array
                0x08006ab0       0x4c c:/program files (x86)/atollic/truestudio for arm 5.4.0/armtools/bin/../lib/gcc/arm-atollic-eabi/4.8.3/../../../../arm-atollic-eabi/lib/armv7-m\libc.a(lib_a-init.o)
                0x08006ab0                __libc_init_array
 .text.malloc   0x08006afc       0x10 c:/program files (x86)/atollic/truestudio for arm 5.4.0/armtools/bin/../lib/gcc/arm-atollic-eabi/4.8.3/../../../../arm-atollic-eabi/lib/armv7-m\libc.a(lib_a-malloc.o)
                0x08006afc                malloc
 .text._malloc_r
                0x08006b0c      0x420 c:/program files (x86)/atollic/truestudio for arm 5.4.0/armtools/bin/../lib/gcc/arm-atollic-eabi/4.8.3/../../../../arm-atollic-eabi/lib/armv7-m\libc.a(lib_a-mallocr.o)
                0x08006b0c                _malloc_r
 .text.memcpy   0x08006f2c       0x12 c:/program files (x86)/atollic/truestudio for arm 5.4.0/armtools/bin/../lib/gcc/arm-atollic-eabi/4.8.3/../../../../arm-atollic-eabi/lib/armv7-m\libc.a(lib_a-memcpy-stub.o)
                0x08006f2c                memcpy
 .text.memset   0x08006f3e       0x10 c:/program files (x86)/atollic/truestudio for arm 5.4.0/armtools/bin/../lib/gcc/arm-atollic-eabi/4.8.3/../../../../arm-atollic-eabi/lib/armv7-m\libc.a(lib_a-memset.o)
                0x08006f3e                memset
 .text.__malloc_lock
                0x08006f4e        0x2 c:/program files (x86)/atollic/truestudio for arm 5.4.0/armtools/bin/../lib/gcc/arm-atollic-eabi/4.8.3/../../../../arm-atollic-eabi/lib/armv7-m\libc.a(lib_a-mlock.o)
                0x08006f4e                __malloc_lock
 .text.__malloc_unlock
                0x08006f50        0x2 c:/program files (x86)/atollic/truestudio for arm 5.4.0/armtools/bin/../lib/gcc/arm-atollic-eabi/4.8.3/../../../../arm-atollic-eabi/lib/armv7-m\libc.a(lib_a-mlock.o)
                0x08006f50                __malloc_unlock
 *fill*         0x08006f52        0x2 
 .text._sbrk_r  0x08006f54       0x20 c:/program files (x86)/atollic/truestudio for arm 5.4.0/armtools/bin/../lib/gcc/arm-atollic-eabi/4.8.3/../../../../arm-atollic-eabi/lib/armv7-m\libc.a(lib_a-sbrkr.o)
                0x08006f54                _sbrk_r
 .text.sprintf  0x08006f74       0x48 c:/program files (x86)/atollic/truestudio for arm 5.4.0/armtools/bin/../lib/gcc/arm-atollic-eabi/4.8.3/../../../../arm-atollic-eabi/lib/armv7-m\libc.a(lib_a-sprintf.o)
                0x08006f74                sprintf
 .text.strcpy   0x08006fbc       0x10 c:/program files (x86)/atollic/truestudio for arm 5.4.0/armtools/bin/../lib/gcc/arm-atollic-eabi/4.8.3/../../../../arm-atollic-eabi/lib/armv7-m\libc.a(lib_a-strcpy.o)
                0x08006fbc                strcpy
 .text.strlen   0x08006fcc       0x10 c:/program files (x86)/atollic/truestudio for arm 5.4.0/armtools/bin/../lib/gcc/arm-atollic-eabi/4.8.3/../../../../arm-atollic-eabi/lib/armv7-m\libc.a(lib_a-strlen.o)
                0x08006fcc                strlen
 .text._strtol_r
                0x08006fdc      0x104 c:/program files (x86)/atollic/truestudio for arm 5.4.0/armtools/bin/../lib/gcc/arm-atollic-eabi/4.8.3/../../../../arm-atollic-eabi/lib/armv7-m\libc.a(lib_a-strtol.o)
                0x08006fdc                _strtol_r
 .text.strtol   0x080070e0       0x1c c:/program files (x86)/atollic/truestudio for arm 5.4.0/armtools/bin/../lib/gcc/arm-atollic-eabi/4.8.3/../../../../arm-atollic-eabi/lib/armv7-m\libc.a(lib_a-strtol.o)
                0x080070e0                strtol
 .text._svfprintf_r
                0x080070fc      0xf30 c:/program files (x86)/atollic/truestudio for arm 5.4.0/armtools/bin/../lib/gcc/arm-atollic-eabi/4.8.3/../../../../arm-atollic-eabi/lib/armv7-m\libc.a(lib_a-svfprintf.o)
                0x080070fc                _svfprintf_r
 .text._sbrk    0x0800802c       0x34 c:/program files (x86)/atollic/truestudio for arm 5.4.0/armtools/bin/../lib/gcc/arm-atollic-eabi/4.8.3/../../../../arm-atollic-eabi/lib/armv7-m\libc.a(lib_a-syscalls.o)
                0x0800802c                _sbrk
 .text.quorem   0x08008060      0x11e c:/program files (x86)/atollic/truestudio for arm 5.4.0/armtools/bin/../lib/gcc/arm-atollic-eabi/4.8.3/../../../../arm-atollic-eabi/lib/armv7-m\libc.a(lib_a-dtoa.o)
 *fill*         0x0800817e        0x2 
 .text._dtoa_r  0x08008180      0xb80 c:/program files (x86)/atollic/truestudio for arm 5.4.0/armtools/bin/../lib/gcc/arm-atollic-eabi/4.8.3/../../../../arm-atollic-eabi/lib/armv7-m\libc.a(lib_a-dtoa.o)
                0x08008180                _dtoa_r
 .text._malloc_trim_r
                0x08008d00       0xa8 c:/program files (x86)/atollic/truestudio for arm 5.4.0/armtools/bin/../lib/gcc/arm-atollic-eabi/4.8.3/../../../../arm-atollic-eabi/lib/armv7-m\libc.a(lib_a-freer.o)
                0x08008d00                _malloc_trim_r
 .text._free_r  0x08008da8      0x170 c:/program files (x86)/atollic/truestudio for arm 5.4.0/armtools/bin/../lib/gcc/arm-atollic-eabi/4.8.3/../../../../arm-atollic-eabi/lib/armv7-m\libc.a(lib_a-freer.o)
                0x08008da8                _free_r
 .text._localeconv_r
                0x08008f18        0x8 c:/program files (x86)/atollic/truestudio for arm 5.4.0/armtools/bin/../lib/gcc/arm-atollic-eabi/4.8.3/../../../../arm-atollic-eabi/lib/armv7-m\libc.a(lib_a-locale.o)
                0x08008f18                _localeconv_r
 .text.memchr   0x08008f20       0x1c c:/program files (x86)/atollic/truestudio for arm 5.4.0/armtools/bin/../lib/gcc/arm-atollic-eabi/4.8.3/../../../../arm-atollic-eabi/lib/armv7-m\libc.a(lib_a-memchr-stub.o)
                0x08008f20                memchr
 .text._Balloc  0x08008f3c       0x6a c:/program files (x86)/atollic/truestudio for arm 5.4.0/armtools/bin/../lib/gcc/arm-atollic-eabi/4.8.3/../../../../arm-atollic-eabi/lib/armv7-m\libc.a(lib_a-mprec.o)
                0x08008f3c                _Balloc
 .text._Bfree   0x08008fa6       0x2e c:/program files (x86)/atollic/truestudio for arm 5.4.0/armtools/bin/../lib/gcc/arm-atollic-eabi/4.8.3/../../../../arm-atollic-eabi/lib/armv7-m\libc.a(lib_a-mprec.o)
                0x08008fa6                _Bfree
 .text.__multadd
                0x08008fd4       0x74 c:/program files (x86)/atollic/truestudio for arm 5.4.0/armtools/bin/../lib/gcc/arm-atollic-eabi/4.8.3/../../../../arm-atollic-eabi/lib/armv7-m\libc.a(lib_a-mprec.o)
                0x08008fd4                __multadd
 .text.__hi0bits
                0x08009048       0x40 c:/program files (x86)/atollic/truestudio for arm 5.4.0/armtools/bin/../lib/gcc/arm-atollic-eabi/4.8.3/../../../../arm-atollic-eabi/lib/armv7-m\libc.a(lib_a-mprec.o)
                0x08009048                __hi0bits
 .text.__lo0bits
                0x08009088       0x5a c:/program files (x86)/atollic/truestudio for arm 5.4.0/armtools/bin/../lib/gcc/arm-atollic-eabi/4.8.3/../../../../arm-atollic-eabi/lib/armv7-m\libc.a(lib_a-mprec.o)
                0x08009088                __lo0bits
 .text.__i2b    0x080090e2       0x12 c:/program files (x86)/atollic/truestudio for arm 5.4.0/armtools/bin/../lib/gcc/arm-atollic-eabi/4.8.3/../../../../arm-atollic-eabi/lib/armv7-m\libc.a(lib_a-mprec.o)
                0x080090e2                __i2b
 .text.__multiply
                0x080090f4      0x130 c:/program files (x86)/atollic/truestudio for arm 5.4.0/armtools/bin/../lib/gcc/arm-atollic-eabi/4.8.3/../../../../arm-atollic-eabi/lib/armv7-m\libc.a(lib_a-mprec.o)
                0x080090f4                __multiply
 .text.__pow5mult
                0x08009224       0x9c c:/program files (x86)/atollic/truestudio for arm 5.4.0/armtools/bin/../lib/gcc/arm-atollic-eabi/4.8.3/../../../../arm-atollic-eabi/lib/armv7-m\libc.a(lib_a-mprec.o)
                0x08009224                __pow5mult
 .text.__lshift
                0x080092c0       0xa6 c:/program files (x86)/atollic/truestudio for arm 5.4.0/armtools/bin/../lib/gcc/arm-atollic-eabi/4.8.3/../../../../arm-atollic-eabi/lib/armv7-m\libc.a(lib_a-mprec.o)
                0x080092c0                __lshift
 .text.__mcmp   0x08009366       0x3a c:/program files (x86)/atollic/truestudio for arm 5.4.0/armtools/bin/../lib/gcc/arm-atollic-eabi/4.8.3/../../../../arm-atollic-eabi/lib/armv7-m\libc.a(lib_a-mprec.o)
                0x08009366                __mcmp
 .text.__mdiff  0x080093a0       0xbe c:/program files (x86)/atollic/truestudio for arm 5.4.0/armtools/bin/../lib/gcc/arm-atollic-eabi/4.8.3/../../../../arm-atollic-eabi/lib/armv7-m\libc.a(lib_a-mprec.o)
                0x080093a0                __mdiff
 .text.__d2b    0x0800945e       0xa4 c:/program files (x86)/atollic/truestudio for arm 5.4.0/armtools/bin/../lib/gcc/arm-atollic-eabi/4.8.3/../../../../arm-atollic-eabi/lib/armv7-m\libc.a(lib_a-mprec.o)
                0x0800945e                __d2b
 *fill*         0x08009502        0x2 
 .text.__fpclassifyd
                0x08009504       0x44 c:/program files (x86)/atollic/truestudio for arm 5.4.0/armtools/bin/../lib/gcc/arm-atollic-eabi/4.8.3/../../../../arm-atollic-eabi/lib/armv7-m\libc.a(lib_a-s_fpclassify.o)
                0x08009504                __fpclassifyd
 .text.__ssprint_r
                0x08009548       0xf2 c:/program files (x86)/atollic/truestudio for arm 5.4.0/armtools/bin/../lib/gcc/arm-atollic-eabi/4.8.3/../../../../arm-atollic-eabi/lib/armv7-m\libc.a(lib_a-svfiprintf.o)
                0x08009548                __ssprint_r
 .text._calloc_r
                0x0800963a       0x5a c:/program files (x86)/atollic/truestudio for arm 5.4.0/armtools/bin/../lib/gcc/arm-atollic-eabi/4.8.3/../../../../arm-atollic-eabi/lib/armv7-m\libc.a(lib_a-callocr.o)
                0x0800963a                _calloc_r
 .text.memmove  0x08009694       0x36 c:/program files (x86)/atollic/truestudio for arm 5.4.0/armtools/bin/../lib/gcc/arm-atollic-eabi/4.8.3/../../../../arm-atollic-eabi/lib/armv7-m\libc.a(lib_a-memmove.o)
                0x08009694                memmove
 *fill*         0x080096ca        0x2 
 .text._realloc_r
                0x080096cc      0x354 c:/program files (x86)/atollic/truestudio for arm 5.4.0/armtools/bin/../lib/gcc/arm-atollic-eabi/4.8.3/../../../../arm-atollic-eabi/lib/armv7-m\libc.a(lib_a-reallocr.o)
                0x080096cc                _realloc_r
 *(.glue_7)
 .glue_7        0x00000000        0x0 linker stubs
 *(.glue_7t)
 .glue_7t       0x00000000        0x0 linker stubs
 *(.eh_frame)
 .eh_frame      0x08009a20        0x0 c:/program files (x86)/atollic/truestudio for arm 5.4.0/armtools/bin/../lib/gcc/arm-atollic-eabi/4.8.3/armv7-m/crtbegin.o
 *(.init)
 .init          0x08009a20        0x4 c:/program files (x86)/atollic/truestudio for arm 5.4.0/armtools/bin/../lib/gcc/arm-atollic-eabi/4.8.3/armv7-m/crti.o
                0x08009a20                _init
 .init          0x08009a24        0x8 c:/program files (x86)/atollic/truestudio for arm 5.4.0/armtools/bin/../lib/gcc/arm-atollic-eabi/4.8.3/armv7-m/crtn.o
 *(.fini)
 .fini          0x08009a2c        0x4 c:/program files (x86)/atollic/truestudio for arm 5.4.0/armtools/bin/../lib/gcc/arm-atollic-eabi/4.8.3/armv7-m/crti.o
                0x08009a2c                _fini
 .fini          0x08009a30        0x8 c:/program files (x86)/atollic/truestudio for arm 5.4.0/armtools/bin/../lib/gcc/arm-atollic-eabi/4.8.3/armv7-m/crtn.o
                0x08009a38                . = ALIGN (0x4)
                0x08009a38                _etext = .

.vfp11_veneer   0x08009a38        0x0
 .vfp11_veneer  0x00000000        0x0 linker stubs

.v4_bx          0x08009a38        0x0
 .v4_bx         0x00000000        0x0 linker stubs

.iplt           0x08009a38        0x0
 .iplt          0x00000000        0x0 c:/program files (x86)/atollic/truestudio for arm 5.4.0/armtools/bin/../lib/gcc/arm-atollic-eabi/4.8.3/armv7-m/crtbegin.o

.rodata         0x08009a38     0x8124
                0x08009a38                . = ALIGN (0x4)
 *(.rodata)
 .rodata        0x08009a38      0x846 Application\User\main.o
 .rodata        0x0800a27e        0x4 Application\User\cbutils.o
 *(.rodata*)
 .rodata.aPLLMULFactorTable
                0x0800a282        0x9 Drivers\STM32L1xx_HAL_Driver\stm32l1xx_hal_rcc.o
                0x0800a282                aPLLMULFactorTable
 .rodata.aAPBAHBPrescTable
                0x0800a28b       0x10 Drivers\STM32L1xx_HAL_Driver\stm32l1xx_hal_rcc.o
                0x0800a28b                aAPBAHBPrescTable
 .rodata.aPLLDivisionFactorTable
                0x0800a29b        0x4 Drivers\STM32L1xx_HAL_Driver\stm32l1xx_hal_rcc.o
                0x0800a29b                aPLLDivisionFactorTable
 *fill*         0x0800a29f        0x1 
 .rodata.node_id_int
                0x0800a2a0        0x4 Application\User\nodeid.o
                0x0800a2a0                node_id_int
 .rodata.ngnt.8033
                0x0800a2a4       0x10 Application\User\main.o
 .rodata.init.8028
                0x0800a2b4       0x10 Application\User\main.o
 .rodata.prob.8032
                0x0800a2c4       0x10 Application\User\main.o
 .rodata.nprb.8027
                0x0800a2d4       0x10 Application\User\main.o
 .rodata.str1.1
                0x0800a2e4      0x367 Application\User\main.o
                                0x378 (size before relaxing)
 .rodata.conf.8030
                0x0800a64b       0x10 Application\User\main.o
 .rodata.test.8026
                0x0800a65b       0x10 Application\User\main.o
 .rodata.strt.8031
                0x0800a66b       0x10 Application\User\main.o
 .rodata.conn.8029
                0x0800a67b       0x10 Application\User\main.o
 .rodata.str1.1
                0x0800a68b      0xbaf Application\User\load_screens.o
                                0xbc1 (size before relaxing)
 .rodata.str1.1
                0x0800b23a       0x62 Application\User\ecog_driver.o
 .rodata.str1.1
                0x0800b29c       0xcb Application\User\cbutils.o
 .rodata.Arial_Narrow18x26
                0x0800b367     0x3fe4 Application\User\Arial_Narrow18x26.o
                0x0800b367                Arial_Narrow18x26
 .rodata.Arial_Narrow14x20
                0x0800f34b     0x25a4 Application\User\Arial_Narrow14x20.o
                0x0800f34b                Arial_Narrow14x20
 .rodata.zeroes.6768
                0x080118ef       0x10 c:/program files (x86)/atollic/truestudio for arm 5.4.0/armtools/bin/../lib/gcc/arm-atollic-eabi/4.8.3/../../../../arm-atollic-eabi/lib/armv7-m\libc.a(lib_a-svfprintf.o)
 .rodata.str1.1
                0x080118ff       0x32 c:/program files (x86)/atollic/truestudio for arm 5.4.0/armtools/bin/../lib/gcc/arm-atollic-eabi/4.8.3/../../../../arm-atollic-eabi/lib/armv7-m\libc.a(lib_a-svfprintf.o)
                                 0x34 (size before relaxing)
 .rodata.blanks.6767
                0x08011931       0x10 c:/program files (x86)/atollic/truestudio for arm 5.4.0/armtools/bin/../lib/gcc/arm-atollic-eabi/4.8.3/../../../../arm-atollic-eabi/lib/armv7-m\libc.a(lib_a-svfprintf.o)
 .rodata._ctype_
                0x08011941      0x101 c:/program files (x86)/atollic/truestudio for arm 5.4.0/armtools/bin/../lib/gcc/arm-atollic-eabi/4.8.3/../../../../arm-atollic-eabi/lib/armv7-m\libc.a(lib_a-ctype_.o)
                0x08011941                _ctype_
 .rodata.str1.1
                0x08011a42        0xd c:/program files (x86)/atollic/truestudio for arm 5.4.0/armtools/bin/../lib/gcc/arm-atollic-eabi/4.8.3/../../../../arm-atollic-eabi/lib/armv7-m\libc.a(lib_a-dtoa.o)
                                  0xf (size before relaxing)
 .rodata.str1.1
                0x08011a4f        0x2 c:/program files (x86)/atollic/truestudio for arm 5.4.0/armtools/bin/../lib/gcc/arm-atollic-eabi/4.8.3/../../../../arm-atollic-eabi/lib/armv7-m\libc.a(lib_a-impure.o)
 .rodata.str1.1
                0x08011a51        0x8 c:/program files (x86)/atollic/truestudio for arm 5.4.0/armtools/bin/../lib/gcc/arm-atollic-eabi/4.8.3/../../../../arm-atollic-eabi/lib/armv7-m\libc.a(lib_a-locale.o)
                                  0xb (size before relaxing)
 *fill*         0x08011a59        0x7 
 .rodata.__mprec_tens
                0x08011a60       0xc8 c:/program files (x86)/atollic/truestudio for arm 5.4.0/armtools/bin/../lib/gcc/arm-atollic-eabi/4.8.3/../../../../arm-atollic-eabi/lib/armv7-m\libc.a(lib_a-mprec.o)
                0x08011a60                __mprec_tens
 .rodata.__mprec_bigtens
                0x08011b28       0x28 c:/program files (x86)/atollic/truestudio for arm 5.4.0/armtools/bin/../lib/gcc/arm-atollic-eabi/4.8.3/../../../../arm-atollic-eabi/lib/armv7-m\libc.a(lib_a-mprec.o)
                0x08011b28                __mprec_bigtens
 .rodata.p05.5279
                0x08011b50        0xc c:/program files (x86)/atollic/truestudio for arm 5.4.0/armtools/bin/../lib/gcc/arm-atollic-eabi/4.8.3/../../../../arm-atollic-eabi/lib/armv7-m\libc.a(lib_a-mprec.o)
                0x08011b5c                . = ALIGN (0x4)

.ARM.extab
 *(.ARM.extab* .gnu.linkonce.armextab.*)

.ARM            0x08011b5c        0x8
                0x08011b5c                __exidx_start = .
 *(.ARM.exidx*)
 .ARM.exidx     0x08011b5c        0x8 c:/program files (x86)/atollic/truestudio for arm 5.4.0/armtools/bin/../lib/gcc/arm-atollic-eabi/4.8.3/armv7-m\libgcc.a(_divdi3.o)
 .ARM.exidx     0x08011b64        0x0 c:/program files (x86)/atollic/truestudio for arm 5.4.0/armtools/bin/../lib/gcc/arm-atollic-eabi/4.8.3/armv7-m\libgcc.a(_udivdi3.o)
                                  0x8 (size before relaxing)
                0x08011b64                __exidx_end = .

.rel.dyn        0x08011b64        0x0
 .rel.iplt      0x00000000        0x0 c:/program files (x86)/atollic/truestudio for arm 5.4.0/armtools/bin/../lib/gcc/arm-atollic-eabi/4.8.3/armv7-m/crtbegin.o

.preinit_array  0x08011b64        0x0
                0x08011b64                PROVIDE (__preinit_array_start, .)
 *(.preinit_array*)
                0x08011b64                PROVIDE (__preinit_array_end, .)

.init_array     0x08011b64        0x4
                0x08011b64                PROVIDE (__init_array_start, .)
 *(SORT(.init_array.*))
 *(.init_array*)
 .init_array    0x08011b64        0x4 c:/program files (x86)/atollic/truestudio for arm 5.4.0/armtools/bin/../lib/gcc/arm-atollic-eabi/4.8.3/armv7-m/crtbegin.o
                0x08011b68                PROVIDE (__init_array_end, .)

.fini_array     0x08011b68        0x4
                0x08011b68                PROVIDE (__fini_array_start, .)
 *(SORT(.fini_array.*))
 *(.fini_array*)
 .fini_array    0x08011b68        0x4 c:/program files (x86)/atollic/truestudio for arm 5.4.0/armtools/bin/../lib/gcc/arm-atollic-eabi/4.8.3/armv7-m/crtbegin.o
                0x08011b6c                PROVIDE (__fini_array_end, .)
                0x08011b6c                _sidata = LOADADDR (.data)

.data           0x20000000      0x710 load address 0x08011b6c
                0x20000000                . = ALIGN (0x4)
                0x20000000                _sdata = .
 *(.data)
 *(.data*)
 .data.SystemCoreClock
                0x20000000        0x4 Drivers\CMSIS\system_stm32l1xx.o
                0x20000000                SystemCoreClock
 .data.grant_address
                0x20000004        0x2 Application\User\main.o
                0x20000004                grant_address
 .data.using_side
                0x20000006        0x1 Application\User\main.o
                0x20000006                using_side
 .data.bridge_address
                0x20000007        0x2 Application\User\main.o
                0x20000007                bridge_address
 .data.stop_mode
                0x20000009        0x1 Application\User\main.o
                0x20000009                stop_mode
 .data.start_from_reset
                0x2000000a        0x1 Application\User\main.o
                0x2000000a                start_from_reset
 .data.states   0x2000000b      0x1b0 Application\User\main.o
                0x2000000b                states
 .data.beacon_address
                0x200001bb        0x2 Application\User\main.o
                0x200001bb                beacon_address
 *fill*         0x200001bd        0x3 
 .data.button_press_time
                0x200001c0        0x8 Application\User\main.o
                0x200001c0                button_press_time
 .data.current_state
                0x200001c8        0x1 Application\User\main.o
                0x200001c8                current_state
 *fill*         0x200001c9        0x3 
 .data.radio_ready
                0x200001cc        0x4 Application\User\main.o
                0x200001cc                radio_ready
 .data.__malloc_av_
                0x200001d0      0x408 c:/program files (x86)/atollic/truestudio for arm 5.4.0/armtools/bin/../lib/gcc/arm-atollic-eabi/4.8.3/../../../../arm-atollic-eabi/lib/armv7-m\libc.a(lib_a-mallocr.o)
                0x200001d0                __malloc_av_
 .data.__malloc_trim_threshold
                0x200005d8        0x4 c:/program files (x86)/atollic/truestudio for arm 5.4.0/armtools/bin/../lib/gcc/arm-atollic-eabi/4.8.3/../../../../arm-atollic-eabi/lib/armv7-m\libc.a(lib_a-mallocr.o)
                0x200005d8                __malloc_trim_threshold
 .data.__malloc_sbrk_base
                0x200005dc        0x4 c:/program files (x86)/atollic/truestudio for arm 5.4.0/armtools/bin/../lib/gcc/arm-atollic-eabi/4.8.3/../../../../arm-atollic-eabi/lib/armv7-m\libc.a(lib_a-mallocr.o)
                0x200005dc                __malloc_sbrk_base
 .data.__ctype_ptr__
                0x200005e0        0x4 c:/program files (x86)/atollic/truestudio for arm 5.4.0/armtools/bin/../lib/gcc/arm-atollic-eabi/4.8.3/../../../../arm-atollic-eabi/lib/armv7-m\libc.a(lib_a-ctype_.o)
                0x200005e0                __ctype_ptr__
 .data.impure_data
                0x200005e4       0xf0 c:/program files (x86)/atollic/truestudio for arm 5.4.0/armtools/bin/../lib/gcc/arm-atollic-eabi/4.8.3/../../../../arm-atollic-eabi/lib/armv7-m\libc.a(lib_a-impure.o)
 .data._impure_ptr
                0x200006d4        0x4 c:/program files (x86)/atollic/truestudio for arm 5.4.0/armtools/bin/../lib/gcc/arm-atollic-eabi/4.8.3/../../../../arm-atollic-eabi/lib/armv7-m\libc.a(lib_a-impure.o)
                0x200006d4                _impure_ptr
 .data.lconv    0x200006d8       0x38 c:/program files (x86)/atollic/truestudio for arm 5.4.0/armtools/bin/../lib/gcc/arm-atollic-eabi/4.8.3/../../../../arm-atollic-eabi/lib/armv7-m\libc.a(lib_a-locale.o)
                0x20000710                . = ALIGN (0x4)
                0x20000710                _edata = .

.igot.plt       0x20000710        0x0 load address 0x0801227c
 .igot.plt      0x00000000        0x0 c:/program files (x86)/atollic/truestudio for arm 5.4.0/armtools/bin/../lib/gcc/arm-atollic-eabi/4.8.3/armv7-m/crtbegin.o
                0x20000710                . = ALIGN (0x4)

.bss            0x20000710     0x2910 load address 0x0801227c
                0x20000710                _sbss = .
                0x20000710                __bss_start__ = _sbss
 *(.bss)
 .bss           0x20000710       0x1c c:/program files (x86)/atollic/truestudio for arm 5.4.0/armtools/bin/../lib/gcc/arm-atollic-eabi/4.8.3/armv7-m/crtbegin.o
 *(.bss*)
 .bss.uwTick    0x2000072c        0x4 Drivers\STM32L1xx_HAL_Driver\stm32l1xx_hal.o
 .bss.fail_count.7940
                0x20000730        0x1 Application\User\main.o
 .bss.node_id   0x20000731        0x4 Application\User\main.o
                0x20000731                node_id
 .bss.config_stored
                0x20000735        0x1 Application\User\main.o
                0x20000735                config_stored
 *fill*         0x20000736        0x2 
 .bss.side      0x20000738        0x4 Application\User\main.o
                0x20000738                side
 .bss.check_double.7795
                0x2000073c        0x2 Application\User\main.o
 *fill*         0x2000073e        0x2 
 .bss.screen_num
                0x20000740        0x4 Application\User\main.o
                0x20000740                screen_num
 .bss.display_initialised
                0x20000744        0x1 Application\User\main.o
                0x20000744                display_initialised
 .bss.wait_demo.7812
                0x20000745        0x1 Application\User\main.o
 .bss.check_long
                0x20000746        0x2 Application\User\main.o
                0x20000746                check_long
 .bss.include_state
                0x20000748        0x1 Application\User\main.o
                0x20000748                include_state
 .bss.debug_buff
                0x20000749       0x80 Application\User\main.o
                0x20000749                debug_buff
 .bss.no_long_check
                0x200007c9        0x1 Application\User\main.o
                0x200007c9                no_long_check
 .bss.app_value
                0x200007ca        0x1 Application\User\main.o
                0x200007ca                app_value
 *fill*         0x200007cb        0x1 
 .bss.last_press_sixteenths
                0x200007cc        0x8 Application\User\main.o
                0x200007cc                last_press_sixteenths
 .bss.local_function.7915
                0x200007d4        0x1 Application\User\main.o
 .bss.rtc_irq   0x200007d5        0x1 Application\User\main.o
                0x200007d5                rtc_irq
 .bss.current_screen
                0x200007d6        0x1 Application\User\main.o
                0x200007d6                current_screen
 .bss.send_attempt
                0x200007d7        0x1 Application\User\main.o
                0x200007d7                send_attempt
 .bss.button_irq
                0x200007d8        0x1 Application\User\main.o
                0x200007d8                button_irq
 .bss.double_press.7796
                0x200007d9        0x1 Application\User\main.o
 .bss.node_address
                0x200007da        0x2 Application\User\main.o
                0x200007da                node_address
 .bss.__malloc_max_total_mem
                0x200007dc        0x4 c:/program files (x86)/atollic/truestudio for arm 5.4.0/armtools/bin/../lib/gcc/arm-atollic-eabi/4.8.3/../../../../arm-atollic-eabi/lib/armv7-m\libc.a(lib_a-mallocr.o)
                0x200007dc                __malloc_max_total_mem
 .bss.__malloc_max_sbrked_mem
                0x200007e0        0x4 c:/program files (x86)/atollic/truestudio for arm 5.4.0/armtools/bin/../lib/gcc/arm-atollic-eabi/4.8.3/../../../../arm-atollic-eabi/lib/armv7-m\libc.a(lib_a-mallocr.o)
                0x200007e0                __malloc_max_sbrked_mem
 .bss.__malloc_top_pad
                0x200007e4        0x4 c:/program files (x86)/atollic/truestudio for arm 5.4.0/armtools/bin/../lib/gcc/arm-atollic-eabi/4.8.3/../../../../arm-atollic-eabi/lib/armv7-m\libc.a(lib_a-mallocr.o)
                0x200007e4                __malloc_top_pad
 .bss.__malloc_current_mallinfo
                0x200007e8       0x28 c:/program files (x86)/atollic/truestudio for arm 5.4.0/armtools/bin/../lib/gcc/arm-atollic-eabi/4.8.3/../../../../arm-atollic-eabi/lib/armv7-m\libc.a(lib_a-mallocr.o)
                0x200007e8                __malloc_current_mallinfo
 .bss.heap_end.5122
                0x20000810        0x4 c:/program files (x86)/atollic/truestudio for arm 5.4.0/armtools/bin/../lib/gcc/arm-atollic-eabi/4.8.3/../../../../arm-atollic-eabi/lib/armv7-m\libc.a(lib_a-syscalls.o)
 *(COMMON)
 COMMON         0x20000814       0x80 Application\User\usart.o
                0x20000814                huart3
                0x20000854                huart1
 COMMON         0x20000894       0x58 Application\User\spi.o
                0x20000894                hspi1
 COMMON         0x200008ec       0x20 Application\User\rtc.o
                0x200008ec                hrtc
 COMMON         0x2000090c     0x1d56 Application\User\main.o
                0x2000090c                tx_message
                0x2000094c                length
                0x20000950                temperature
                0x20000951                tx_length
                0x20000952                screens
                0x2000255c                Rx_Buffer
                0x2000265c                button_state
                0x2000265e                pressed_button
                0x20002660                rssi
                0x20002661                status
 COMMON         0x20002662      0x965 Application\User\ecog_driver.o
                0x20002662                ecogy
                0x20002664                ecogx
                0x20002666                ecog_display_enabled
                0x20002667                ecog_buffer
 *fill*         0x20002fc7        0x1 
 COMMON         0x20002fc8       0x54 Application\User\adc.o
                0x20002fc8                hadc
 COMMON         0x2000301c        0x4 c:/program files (x86)/atollic/truestudio for arm 5.4.0/armtools/bin/../lib/gcc/arm-atollic-eabi/4.8.3/../../../../arm-atollic-eabi/lib/armv7-m\libc.a(lib_a-reent.o)
                0x2000301c                errno
                0x20003020                . = ALIGN (0x4)
                0x20003020                _ebss = .
                0x20003020                __bss_end__ = _ebss

._user_heap_stack
                0x20003020      0x400 load address 0x0801227c
                0x20003020                . = ALIGN (0x4)
                0x20003020                PROVIDE (end, .)
                0x20003020                PROVIDE (_end, .)
                0x20003020                . = (. + _Min_Heap_Size)
                0x20003420                . = (. + _Min_Stack_Size)
 *fill*         0x20003020      0x400 
                0x20003420                . = ALIGN (0x4)

/DISCARD/
 libc.a(*)
 libm.a(*)
 libgcc.a(*)

.ARM.attributes
                0x00000000       0x29
 *(.ARM.attributes)
 .ARM.attributes
                0x00000000       0x1d c:/program files (x86)/atollic/truestudio for arm 5.4.0/armtools/bin/../lib/gcc/arm-atollic-eabi/4.8.3/armv7-m/crti.o
 .ARM.attributes
                0x0000001d       0x2d c:/program files (x86)/atollic/truestudio for arm 5.4.0/armtools/bin/../lib/gcc/arm-atollic-eabi/4.8.3/armv7-m/crtbegin.o
 .ARM.attributes
                0x0000004a       0x33 Drivers\STM32L1xx_HAL_Driver\stm32l1xx_hal_uart.o
 .ARM.attributes
                0x0000007d       0x33 Drivers\STM32L1xx_HAL_Driver\stm32l1xx_hal_spi_ex.o
 .ARM.attributes
                0x000000b0       0x33 Drivers\STM32L1xx_HAL_Driver\stm32l1xx_hal_spi.o
 .ARM.attributes
                0x000000e3       0x33 Drivers\STM32L1xx_HAL_Driver\stm32l1xx_hal_rtc_ex.o
 .ARM.attributes
                0x00000116       0x33 Drivers\STM32L1xx_HAL_Driver\stm32l1xx_hal_rtc.o
 .ARM.attributes
                0x00000149       0x33 Drivers\STM32L1xx_HAL_Driver\stm32l1xx_hal_rcc_ex.o
 .ARM.attributes
                0x0000017c       0x33 Drivers\STM32L1xx_HAL_Driver\stm32l1xx_hal_rcc.o
 .ARM.attributes
                0x000001af       0x33 Drivers\STM32L1xx_HAL_Driver\stm32l1xx_hal_pwr_ex.o
 .ARM.attributes
                0x000001e2       0x33 Drivers\STM32L1xx_HAL_Driver\stm32l1xx_hal_pwr.o
 .ARM.attributes
                0x00000215       0x33 Drivers\STM32L1xx_HAL_Driver\stm32l1xx_hal_gpio.o
 .ARM.attributes
                0x00000248       0x33 Drivers\STM32L1xx_HAL_Driver\stm32l1xx_hal_cortex.o
 .ARM.attributes
                0x0000027b       0x33 Drivers\STM32L1xx_HAL_Driver\stm32l1xx_hal_adc.o
 .ARM.attributes
                0x000002ae       0x33 Drivers\STM32L1xx_HAL_Driver\stm32l1xx_hal.o
 .ARM.attributes
                0x000002e1       0x33 Drivers\CMSIS\system_stm32l1xx.o
 .ARM.attributes
                0x00000314       0x33 Application\User\usart.o
 .ARM.attributes
                0x00000347       0x33 Application\User\stm32l1xx_it.o
 .ARM.attributes
                0x0000037a       0x33 Application\User\stm32l1xx_hal_msp.o
 .ARM.attributes
                0x000003ad       0x33 Application\User\spi.o
 .ARM.attributes
                0x000003e0       0x33 Application\User\rtc.o
 .ARM.attributes
                0x00000413       0x33 Application\User\nodeid.o
 .ARM.attributes
                0x00000446       0x33 Application\User\main.o
 .ARM.attributes
                0x00000479       0x33 Application\User\load_screens.o
 .ARM.attributes
                0x000004ac       0x33 Application\User\gpio.o
 .ARM.attributes
                0x000004df       0x33 Application\User\glue.o
 .ARM.attributes
                0x00000512       0x33 Application\User\ecog_driver.o
 .ARM.attributes
                0x00000545       0x33 Application\User\cbutils.o
 .ARM.attributes
                0x00000578       0x33 Application\User\adc.o
 .ARM.attributes
                0x000005ab       0x33 Application\User\Arial_Narrow18x26.o
 .ARM.attributes
                0x000005de       0x33 Application\User\Arial_Narrow14x20.o
 .ARM.attributes
                0x00000611       0x21 Application\TrueSTUDIO\startup_stm32l151xb.o
 .ARM.attributes
                0x00000632       0x2d c:/program files (x86)/atollic/truestudio for arm 5.4.0/armtools/bin/../lib/gcc/arm-atollic-eabi/4.8.3/../../../../arm-atollic-eabi/lib/armv7-m\libc.a(lib_a-atoi.o)
 .ARM.attributes
                0x0000065f       0x2d c:/program files (x86)/atollic/truestudio for arm 5.4.0/armtools/bin/../lib/gcc/arm-atollic-eabi/4.8.3/../../../../arm-atollic-eabi/lib/armv7-m\libc.a(lib_a-init.o)
 .ARM.attributes
                0x0000068c       0x2d c:/program files (x86)/atollic/truestudio for arm 5.4.0/armtools/bin/../lib/gcc/arm-atollic-eabi/4.8.3/../../../../arm-atollic-eabi/lib/armv7-m\libc.a(lib_a-malloc.o)
 .ARM.attributes
                0x000006b9       0x2d c:/program files (x86)/atollic/truestudio for arm 5.4.0/armtools/bin/../lib/gcc/arm-atollic-eabi/4.8.3/../../../../arm-atollic-eabi/lib/armv7-m\libc.a(lib_a-mallocr.o)
 .ARM.attributes
                0x000006e6       0x2d c:/program files (x86)/atollic/truestudio for arm 5.4.0/armtools/bin/../lib/gcc/arm-atollic-eabi/4.8.3/../../../../arm-atollic-eabi/lib/armv7-m\libc.a(lib_a-memcpy-stub.o)
 .ARM.attributes
                0x00000713       0x2d c:/program files (x86)/atollic/truestudio for arm 5.4.0/armtools/bin/../lib/gcc/arm-atollic-eabi/4.8.3/../../../../arm-atollic-eabi/lib/armv7-m\libc.a(lib_a-memset.o)
 .ARM.attributes
                0x00000740       0x2d c:/program files (x86)/atollic/truestudio for arm 5.4.0/armtools/bin/../lib/gcc/arm-atollic-eabi/4.8.3/../../../../arm-atollic-eabi/lib/armv7-m\libc.a(lib_a-mlock.o)
 .ARM.attributes
                0x0000076d       0x2d c:/program files (x86)/atollic/truestudio for arm 5.4.0/armtools/bin/../lib/gcc/arm-atollic-eabi/4.8.3/../../../../arm-atollic-eabi/lib/armv7-m\libc.a(lib_a-sbrkr.o)
 .ARM.attributes
                0x0000079a       0x2d c:/program files (x86)/atollic/truestudio for arm 5.4.0/armtools/bin/../lib/gcc/arm-atollic-eabi/4.8.3/../../../../arm-atollic-eabi/lib/armv7-m\libc.a(lib_a-sprintf.o)
 .ARM.attributes
                0x000007c7       0x2d c:/program files (x86)/atollic/truestudio for arm 5.4.0/armtools/bin/../lib/gcc/arm-atollic-eabi/4.8.3/../../../../arm-atollic-eabi/lib/armv7-m\libc.a(lib_a-strcpy.o)
 .ARM.attributes
                0x000007f4       0x2d c:/program files (x86)/atollic/truestudio for arm 5.4.0/armtools/bin/../lib/gcc/arm-atollic-eabi/4.8.3/../../../../arm-atollic-eabi/lib/armv7-m\libc.a(lib_a-strlen.o)
 .ARM.attributes
                0x00000821       0x2d c:/program files (x86)/atollic/truestudio for arm 5.4.0/armtools/bin/../lib/gcc/arm-atollic-eabi/4.8.3/../../../../arm-atollic-eabi/lib/armv7-m\libc.a(lib_a-strtol.o)
 .ARM.attributes
                0x0000084e       0x2d c:/program files (x86)/atollic/truestudio for arm 5.4.0/armtools/bin/../lib/gcc/arm-atollic-eabi/4.8.3/../../../../arm-atollic-eabi/lib/armv7-m\libc.a(lib_a-svfprintf.o)
 .ARM.attributes
                0x0000087b       0x2d c:/program files (x86)/atollic/truestudio for arm 5.4.0/armtools/bin/../lib/gcc/arm-atollic-eabi/4.8.3/../../../../arm-atollic-eabi/lib/armv7-m\libc.a(lib_a-syscalls.o)
 .ARM.attributes
                0x000008a8       0x2d c:/program files (x86)/atollic/truestudio for arm 5.4.0/armtools/bin/../lib/gcc/arm-atollic-eabi/4.8.3/../../../../arm-atollic-eabi/lib/armv7-m\libc.a(lib_a-ctype_.o)
 .ARM.attributes
                0x000008d5       0x2d c:/program files (x86)/atollic/truestudio for arm 5.4.0/armtools/bin/../lib/gcc/arm-atollic-eabi/4.8.3/../../../../arm-atollic-eabi/lib/armv7-m\libc.a(lib_a-dtoa.o)
 .ARM.attributes
                0x00000902       0x2d c:/program files (x86)/atollic/truestudio for arm 5.4.0/armtools/bin/../lib/gcc/arm-atollic-eabi/4.8.3/../../../../arm-atollic-eabi/lib/armv7-m\libc.a(lib_a-freer.o)
 .ARM.attributes
                0x0000092f       0x2d c:/program files (x86)/atollic/truestudio for arm 5.4.0/armtools/bin/../lib/gcc/arm-atollic-eabi/4.8.3/../../../../arm-atollic-eabi/lib/armv7-m\libc.a(lib_a-impure.o)
 .ARM.attributes
                0x0000095c       0x2d c:/program files (x86)/atollic/truestudio for arm 5.4.0/armtools/bin/../lib/gcc/arm-atollic-eabi/4.8.3/../../../../arm-atollic-eabi/lib/armv7-m\libc.a(lib_a-locale.o)
 .ARM.attributes
                0x00000989       0x2d c:/program files (x86)/atollic/truestudio for arm 5.4.0/armtools/bin/../lib/gcc/arm-atollic-eabi/4.8.3/../../../../arm-atollic-eabi/lib/armv7-m\libc.a(lib_a-memchr-stub.o)
 .ARM.attributes
                0x000009b6       0x2d c:/program files (x86)/atollic/truestudio for arm 5.4.0/armtools/bin/../lib/gcc/arm-atollic-eabi/4.8.3/../../../../arm-atollic-eabi/lib/armv7-m\libc.a(lib_a-mprec.o)
 .ARM.attributes
                0x000009e3       0x2d c:/program files (x86)/atollic/truestudio for arm 5.4.0/armtools/bin/../lib/gcc/arm-atollic-eabi/4.8.3/../../../../arm-atollic-eabi/lib/armv7-m\libc.a(lib_a-reent.o)
 .ARM.attributes
                0x00000a10       0x2d c:/program files (x86)/atollic/truestudio for arm 5.4.0/armtools/bin/../lib/gcc/arm-atollic-eabi/4.8.3/../../../../arm-atollic-eabi/lib/armv7-m\libc.a(lib_a-s_fpclassify.o)
 .ARM.attributes
                0x00000a3d       0x2d c:/program files (x86)/atollic/truestudio for arm 5.4.0/armtools/bin/../lib/gcc/arm-atollic-eabi/4.8.3/../../../../arm-atollic-eabi/lib/armv7-m\libc.a(lib_a-svfiprintf.o)
 .ARM.attributes
                0x00000a6a       0x2d c:/program files (x86)/atollic/truestudio for arm 5.4.0/armtools/bin/../lib/gcc/arm-atollic-eabi/4.8.3/../../../../arm-atollic-eabi/lib/armv7-m\libc.a(lib_a-callocr.o)
 .ARM.attributes
                0x00000a97       0x2d c:/program files (x86)/atollic/truestudio for arm 5.4.0/armtools/bin/../lib/gcc/arm-atollic-eabi/4.8.3/../../../../arm-atollic-eabi/lib/armv7-m\libc.a(lib_a-memmove.o)
 .ARM.attributes
                0x00000ac4       0x2d c:/program files (x86)/atollic/truestudio for arm 5.4.0/armtools/bin/../lib/gcc/arm-atollic-eabi/4.8.3/../../../../arm-atollic-eabi/lib/armv7-m\libc.a(lib_a-reallocr.o)
 .ARM.attributes
                0x00000af1       0x1d c:/program files (x86)/atollic/truestudio for arm 5.4.0/armtools/bin/../lib/gcc/arm-atollic-eabi/4.8.3/armv7-m\libgcc.a(_arm_addsubdf3.o)
 .ARM.attributes
                0x00000b0e       0x1d c:/program files (x86)/atollic/truestudio for arm 5.4.0/armtools/bin/../lib/gcc/arm-atollic-eabi/4.8.3/armv7-m\libgcc.a(_arm_muldivdf3.o)
 .ARM.attributes
                0x00000b2b       0x1d c:/program files (x86)/atollic/truestudio for arm 5.4.0/armtools/bin/../lib/gcc/arm-atollic-eabi/4.8.3/armv7-m\libgcc.a(_arm_cmpdf2.o)
 .ARM.attributes
                0x00000b48       0x1d c:/program files (x86)/atollic/truestudio for arm 5.4.0/armtools/bin/../lib/gcc/arm-atollic-eabi/4.8.3/armv7-m\libgcc.a(_arm_fixdfsi.o)
 .ARM.attributes
                0x00000b65       0x1d c:/program files (x86)/atollic/truestudio for arm 5.4.0/armtools/bin/../lib/gcc/arm-atollic-eabi/4.8.3/armv7-m\libgcc.a(_aeabi_uldivmod.o)
 .ARM.attributes
                0x00000b82       0x2d c:/program files (x86)/atollic/truestudio for arm 5.4.0/armtools/bin/../lib/gcc/arm-atollic-eabi/4.8.3/armv7-m\libgcc.a(bpabi.o)
 .ARM.attributes
                0x00000baf       0x1d c:/program files (x86)/atollic/truestudio for arm 5.4.0/armtools/bin/../lib/gcc/arm-atollic-eabi/4.8.3/armv7-m\libgcc.a(_dvmd_tls.o)
 .ARM.attributes
                0x00000bcc       0x2d c:/program files (x86)/atollic/truestudio for arm 5.4.0/armtools/bin/../lib/gcc/arm-atollic-eabi/4.8.3/armv7-m\libgcc.a(_divdi3.o)
 .ARM.attributes
                0x00000bf9       0x2d c:/program files (x86)/atollic/truestudio for arm 5.4.0/armtools/bin/../lib/gcc/arm-atollic-eabi/4.8.3/armv7-m\libgcc.a(_udivdi3.o)
 .ARM.attributes
                0x00000c26       0x1d c:/program files (x86)/atollic/truestudio for arm 5.4.0/armtools/bin/../lib/gcc/arm-atollic-eabi/4.8.3/armv7-m/crtn.o
OUTPUT(Spur Configuration.elf elf32-littlearm)

.debug_info     0x00000000    0x16a0f
 .debug_info    0x00000000     0x1108 Drivers\STM32L1xx_HAL_Driver\stm32l1xx_hal_uart.o
 .debug_info    0x00001108      0x54d Drivers\STM32L1xx_HAL_Driver\stm32l1xx_hal_spi_ex.o
 .debug_info    0x00001655     0x14aa Drivers\STM32L1xx_HAL_Driver\stm32l1xx_hal_spi.o
 .debug_info    0x00002aff     0x11c4 Drivers\STM32L1xx_HAL_Driver\stm32l1xx_hal_rtc_ex.o
 .debug_info    0x00003cc3      0xa37 Drivers\STM32L1xx_HAL_Driver\stm32l1xx_hal_rtc.o
 .debug_info    0x000046fa      0x456 Drivers\STM32L1xx_HAL_Driver\stm32l1xx_hal_rcc_ex.o
 .debug_info    0x00004b50     0x1939 Drivers\STM32L1xx_HAL_Driver\stm32l1xx_hal_rcc.o
 .debug_info    0x00006489      0x319 Drivers\STM32L1xx_HAL_Driver\stm32l1xx_hal_pwr_ex.o
 .debug_info    0x000067a2      0x7cc Drivers\STM32L1xx_HAL_Driver\stm32l1xx_hal_pwr.o
 .debug_info    0x00006f6e      0x5ef Drivers\STM32L1xx_HAL_Driver\stm32l1xx_hal_gpio.o
 .debug_info    0x0000755d      0xd87 Drivers\STM32L1xx_HAL_Driver\stm32l1xx_hal_cortex.o
 .debug_info    0x000082e4     0x1058 Drivers\STM32L1xx_HAL_Driver\stm32l1xx_hal_adc.o
 .debug_info    0x0000933c      0x615 Drivers\STM32L1xx_HAL_Driver\stm32l1xx_hal.o
 .debug_info    0x00009951      0x3fb Drivers\CMSIS\system_stm32l1xx.o
 .debug_info    0x00009d4c      0x9fe Application\User\usart.o
 .debug_info    0x0000a74a      0x8e0 Application\User\stm32l1xx_it.o
 .debug_info    0x0000b02a      0x374 Application\User\stm32l1xx_hal_msp.o
 .debug_info    0x0000b39e      0x7e9 Application\User\spi.o
 .debug_info    0x0000bb87      0x9a7 Application\User\rtc.o
 .debug_info    0x0000c52e       0xd7 Application\User\nodeid.o
 .debug_info    0x0000c605     0x4fd9 Application\User\main.o
 .debug_info    0x000115de      0x612 Application\User\load_screens.o
 .debug_info    0x00011bf0      0x616 Application\User\gpio.o
 .debug_info    0x00012206      0x790 Application\User\glue.o
 .debug_info    0x00012996     0x1de9 Application\User\ecog_driver.o
 .debug_info    0x0001477f     0x178d Application\User\cbutils.o
 .debug_info    0x00015f0c      0x894 Application\User\adc.o
 .debug_info    0x000167a0       0xd6 Application\User\Arial_Narrow18x26.o
 .debug_info    0x00016876       0xd6 Application\User\Arial_Narrow14x20.o
 .debug_info    0x0001694c       0xc3 Application\TrueSTUDIO\startup_stm32l151xb.o

.debug_abbrev   0x00000000     0x39be
 .debug_abbrev  0x00000000      0x2b4 Drivers\STM32L1xx_HAL_Driver\stm32l1xx_hal_uart.o
 .debug_abbrev  0x000002b4      0x14a Drivers\STM32L1xx_HAL_Driver\stm32l1xx_hal_spi_ex.o
 .debug_abbrev  0x000003fe      0x31f Drivers\STM32L1xx_HAL_Driver\stm32l1xx_hal_spi.o
 .debug_abbrev  0x0000071d      0x1f5 Drivers\STM32L1xx_HAL_Driver\stm32l1xx_hal_rtc_ex.o
 .debug_abbrev  0x00000912      0x1e6 Drivers\STM32L1xx_HAL_Driver\stm32l1xx_hal_rtc.o
 .debug_abbrev  0x00000af8      0x218 Drivers\STM32L1xx_HAL_Driver\stm32l1xx_hal_rcc_ex.o
 .debug_abbrev  0x00000d10      0x33f Drivers\STM32L1xx_HAL_Driver\stm32l1xx_hal_rcc.o
 .debug_abbrev  0x0000104f      0x133 Drivers\STM32L1xx_HAL_Driver\stm32l1xx_hal_pwr_ex.o
 .debug_abbrev  0x00001182      0x207 Drivers\STM32L1xx_HAL_Driver\stm32l1xx_hal_pwr.o
 .debug_abbrev  0x00001389      0x1c8 Drivers\STM32L1xx_HAL_Driver\stm32l1xx_hal_gpio.o
 .debug_abbrev  0x00001551      0x2c4 Drivers\STM32L1xx_HAL_Driver\stm32l1xx_hal_cortex.o
 .debug_abbrev  0x00001815      0x319 Drivers\STM32L1xx_HAL_Driver\stm32l1xx_hal_adc.o
 .debug_abbrev  0x00001b2e      0x20d Drivers\STM32L1xx_HAL_Driver\stm32l1xx_hal.o
 .debug_abbrev  0x00001d3b      0x101 Drivers\CMSIS\system_stm32l1xx.o
 .debug_abbrev  0x00001e3c      0x1d4 Application\User\usart.o
 .debug_abbrev  0x00002010      0x17b Application\User\stm32l1xx_it.o
 .debug_abbrev  0x0000218b      0x129 Application\User\stm32l1xx_hal_msp.o
 .debug_abbrev  0x000022b4      0x1b9 Application\User\spi.o
 .debug_abbrev  0x0000246d      0x1d6 Application\User\rtc.o
 .debug_abbrev  0x00002643       0x81 Application\User\nodeid.o
 .debug_abbrev  0x000026c4      0x47e Application\User\main.o
 .debug_abbrev  0x00002b42      0x103 Application\User\load_screens.o
 .debug_abbrev  0x00002c45      0x164 Application\User\gpio.o
 .debug_abbrev  0x00002da9      0x225 Application\User\glue.o
 .debug_abbrev  0x00002fce      0x3e5 Application\User\ecog_driver.o
 .debug_abbrev  0x000033b3      0x349 Application\User\cbutils.o
 .debug_abbrev  0x000036fc      0x1c6 Application\User\adc.o
 .debug_abbrev  0x000038c2       0x75 Application\User\Arial_Narrow18x26.o
 .debug_abbrev  0x00003937       0x75 Application\User\Arial_Narrow14x20.o
 .debug_abbrev  0x000039ac       0x12 Application\TrueSTUDIO\startup_stm32l151xb.o

.debug_loc      0x00000000     0x7e41
 .debug_loc     0x00000000      0xd84 Drivers\STM32L1xx_HAL_Driver\stm32l1xx_hal_uart.o
 .debug_loc     0x00000d84       0x34 Drivers\STM32L1xx_HAL_Driver\stm32l1xx_hal_spi_ex.o
 .debug_loc     0x00000db8      0xe82 Drivers\STM32L1xx_HAL_Driver\stm32l1xx_hal_spi.o
 .debug_loc     0x00001c3a      0xce8 Drivers\STM32L1xx_HAL_Driver\stm32l1xx_hal_rtc_ex.o
 .debug_loc     0x00002922      0x45e Drivers\STM32L1xx_HAL_Driver\stm32l1xx_hal_rtc.o
 .debug_loc     0x00002d80      0x25a Drivers\STM32L1xx_HAL_Driver\stm32l1xx_hal_rcc_ex.o
 .debug_loc     0x00002fda      0xf47 Drivers\STM32L1xx_HAL_Driver\stm32l1xx_hal_rcc.o
 .debug_loc     0x00003f21       0x98 Drivers\STM32L1xx_HAL_Driver\stm32l1xx_hal_pwr_ex.o
 .debug_loc     0x00003fb9      0x117 Drivers\STM32L1xx_HAL_Driver\stm32l1xx_hal_pwr.o
 .debug_loc     0x000040d0      0x314 Drivers\STM32L1xx_HAL_Driver\stm32l1xx_hal_gpio.o
 .debug_loc     0x000043e4      0x443 Drivers\STM32L1xx_HAL_Driver\stm32l1xx_hal_cortex.o
 .debug_loc     0x00004827      0x884 Drivers\STM32L1xx_HAL_Driver\stm32l1xx_hal_adc.o
 .debug_loc     0x000050ab       0x68 Drivers\STM32L1xx_HAL_Driver\stm32l1xx_hal.o
 .debug_loc     0x00005113      0x115 Drivers\CMSIS\system_stm32l1xx.o
 .debug_loc     0x00005228       0x7f Application\User\usart.o
 .debug_loc     0x000052a7       0x4d Application\User\spi.o
 .debug_loc     0x000052f4       0xaa Application\User\rtc.o
 .debug_loc     0x0000539e     0x112d Application\User\main.o
 .debug_loc     0x000064cb       0x66 Application\User\load_screens.o
 .debug_loc     0x00006531      0x11b Application\User\glue.o
 .debug_loc     0x0000664c     0x1293 Application\User\ecog_driver.o
 .debug_loc     0x000078df      0x515 Application\User\cbutils.o
 .debug_loc     0x00007df4       0x4d Application\User\adc.o

.debug_aranges  0x00000000      0xe00
 .debug_aranges
                0x00000000      0x138 Drivers\STM32L1xx_HAL_Driver\stm32l1xx_hal_uart.o
 .debug_aranges
                0x00000138       0x20 Drivers\STM32L1xx_HAL_Driver\stm32l1xx_hal_spi_ex.o
 .debug_aranges
                0x00000158      0x148 Drivers\STM32L1xx_HAL_Driver\stm32l1xx_hal_spi.o
 .debug_aranges
                0x000002a0      0x130 Drivers\STM32L1xx_HAL_Driver\stm32l1xx_hal_rtc_ex.o
 .debug_aranges
                0x000003d0       0x90 Drivers\STM32L1xx_HAL_Driver\stm32l1xx_hal_rtc.o
 .debug_aranges
                0x00000460       0x30 Drivers\STM32L1xx_HAL_Driver\stm32l1xx_hal_rcc_ex.o
 .debug_aranges
                0x00000490       0x90 Drivers\STM32L1xx_HAL_Driver\stm32l1xx_hal_rcc.o
 .debug_aranges
                0x00000520       0x50 Drivers\STM32L1xx_HAL_Driver\stm32l1xx_hal_pwr_ex.o
 .debug_aranges
                0x00000570       0xa0 Drivers\STM32L1xx_HAL_Driver\stm32l1xx_hal_pwr.o
 .debug_aranges
                0x00000610       0x58 Drivers\STM32L1xx_HAL_Driver\stm32l1xx_hal_gpio.o
 .debug_aranges
                0x00000668       0x98 Drivers\STM32L1xx_HAL_Driver\stm32l1xx_hal_cortex.o
 .debug_aranges
                0x00000700       0xf0 Drivers\STM32L1xx_HAL_Driver\stm32l1xx_hal_adc.o
 .debug_aranges
                0x000007f0       0xb0 Drivers\STM32L1xx_HAL_Driver\stm32l1xx_hal.o
 .debug_aranges
                0x000008a0       0x28 Drivers\CMSIS\system_stm32l1xx.o
 .debug_aranges
                0x000008c8       0x38 Application\User\usart.o
 .debug_aranges
                0x00000900       0x50 Application\User\stm32l1xx_it.o
 .debug_aranges
                0x00000950       0x20 Application\User\stm32l1xx_hal_msp.o
 .debug_aranges
                0x00000970       0x30 Application\User\spi.o
 .debug_aranges
                0x000009a0       0x30 Application\User\rtc.o
 .debug_aranges
                0x000009d0       0x20 Application\User\nodeid.o
 .debug_aranges
                0x000009f0      0x140 Application\User\main.o
 .debug_aranges
                0x00000b30       0x28 Application\User\load_screens.o
 .debug_aranges
                0x00000b58       0x20 Application\User\gpio.o
 .debug_aranges
                0x00000b78       0x48 Application\User\glue.o
 .debug_aranges
                0x00000bc0      0x128 Application\User\ecog_driver.o
 .debug_aranges
                0x00000ce8       0x90 Application\User\cbutils.o
 .debug_aranges
                0x00000d78       0x30 Application\User\adc.o
 .debug_aranges
                0x00000da8       0x18 Application\User\Arial_Narrow18x26.o
 .debug_aranges
                0x00000dc0       0x18 Application\User\Arial_Narrow14x20.o
 .debug_aranges
                0x00000dd8       0x28 Application\TrueSTUDIO\startup_stm32l151xb.o

.debug_ranges   0x00000000      0xfc8
 .debug_ranges  0x00000000      0x140 Drivers\STM32L1xx_HAL_Driver\stm32l1xx_hal_uart.o
 .debug_ranges  0x00000140       0x10 Drivers\STM32L1xx_HAL_Driver\stm32l1xx_hal_spi_ex.o
 .debug_ranges  0x00000150      0x138 Drivers\STM32L1xx_HAL_Driver\stm32l1xx_hal_spi.o
 .debug_ranges  0x00000288      0x120 Drivers\STM32L1xx_HAL_Driver\stm32l1xx_hal_rtc_ex.o
 .debug_ranges  0x000003a8       0x80 Drivers\STM32L1xx_HAL_Driver\stm32l1xx_hal_rtc.o
 .debug_ranges  0x00000428       0x38 Drivers\STM32L1xx_HAL_Driver\stm32l1xx_hal_rcc_ex.o
 .debug_ranges  0x00000460      0x138 Drivers\STM32L1xx_HAL_Driver\stm32l1xx_hal_rcc.o
 .debug_ranges  0x00000598       0x40 Drivers\STM32L1xx_HAL_Driver\stm32l1xx_hal_pwr_ex.o
 .debug_ranges  0x000005d8       0x90 Drivers\STM32L1xx_HAL_Driver\stm32l1xx_hal_pwr.o
 .debug_ranges  0x00000668       0x48 Drivers\STM32L1xx_HAL_Driver\stm32l1xx_hal_gpio.o
 .debug_ranges  0x000006b0       0xf0 Drivers\STM32L1xx_HAL_Driver\stm32l1xx_hal_cortex.o
 .debug_ranges  0x000007a0      0x110 Drivers\STM32L1xx_HAL_Driver\stm32l1xx_hal_adc.o
 .debug_ranges  0x000008b0       0xa0 Drivers\STM32L1xx_HAL_Driver\stm32l1xx_hal.o
 .debug_ranges  0x00000950       0x18 Drivers\CMSIS\system_stm32l1xx.o
 .debug_ranges  0x00000968       0x78 Application\User\usart.o
 .debug_ranges  0x000009e0       0x40 Application\User\stm32l1xx_it.o
 .debug_ranges  0x00000a20       0x30 Application\User\stm32l1xx_hal_msp.o
 .debug_ranges  0x00000a50       0x40 Application\User\spi.o
 .debug_ranges  0x00000a90       0x20 Application\User\rtc.o
 .debug_ranges  0x00000ab0       0x10 Application\User\nodeid.o
 .debug_ranges  0x00000ac0      0x1f8 Application\User\main.o
 .debug_ranges  0x00000cb8       0x18 Application\User\load_screens.o
 .debug_ranges  0x00000cd0       0x98 Application\User\gpio.o
 .debug_ranges  0x00000d68       0x38 Application\User\glue.o
 .debug_ranges  0x00000da0      0x130 Application\User\ecog_driver.o
 .debug_ranges  0x00000ed0       0x98 Application\User\cbutils.o
 .debug_ranges  0x00000f68       0x40 Application\User\adc.o
 .debug_ranges  0x00000fa8       0x20 Application\TrueSTUDIO\startup_stm32l151xb.o

.debug_line     0x00000000     0x82b5
 .debug_line    0x00000000      0x9ff Drivers\STM32L1xx_HAL_Driver\stm32l1xx_hal_uart.o
 .debug_line    0x000009ff      0x264 Drivers\STM32L1xx_HAL_Driver\stm32l1xx_hal_spi_ex.o
 .debug_line    0x00000c63      0xbba Drivers\STM32L1xx_HAL_Driver\stm32l1xx_hal_spi.o
 .debug_line    0x0000181d      0x998 Drivers\STM32L1xx_HAL_Driver\stm32l1xx_hal_rtc_ex.o
 .debug_line    0x000021b5      0x491 Drivers\STM32L1xx_HAL_Driver\stm32l1xx_hal_rtc.o
 .debug_line    0x00002646      0x324 Drivers\STM32L1xx_HAL_Driver\stm32l1xx_hal_rcc_ex.o
 .debug_line    0x0000296a      0xa3c Drivers\STM32L1xx_HAL_Driver\stm32l1xx_hal_rcc.o
 .debug_line    0x000033a6      0x2a1 Drivers\STM32L1xx_HAL_Driver\stm32l1xx_hal_pwr_ex.o
 .debug_line    0x00003647      0x3ae Drivers\STM32L1xx_HAL_Driver\stm32l1xx_hal_pwr.o
 .debug_line    0x000039f5      0x38c Drivers\STM32L1xx_HAL_Driver\stm32l1xx_hal_gpio.o
 .debug_line    0x00003d81      0x3fa Drivers\STM32L1xx_HAL_Driver\stm32l1xx_hal_cortex.o
 .debug_line    0x0000417b      0x7cc Drivers\STM32L1xx_HAL_Driver\stm32l1xx_hal_adc.o
 .debug_line    0x00004947      0x374 Drivers\STM32L1xx_HAL_Driver\stm32l1xx_hal.o
 .debug_line    0x00004cbb      0x207 Drivers\CMSIS\system_stm32l1xx.o
 .debug_line    0x00004ec2      0x2ca Application\User\usart.o
 .debug_line    0x0000518c      0x2e7 Application\User\stm32l1xx_it.o
 .debug_line    0x00005473      0x1ea Application\User\stm32l1xx_hal_msp.o
 .debug_line    0x0000565d      0x263 Application\User\spi.o
 .debug_line    0x000058c0      0x2ba Application\User\rtc.o
 .debug_line    0x00005b7a      0x125 Application\User\nodeid.o
 .debug_line    0x00005c9f      0xcbc Application\User\main.o
 .debug_line    0x0000695b      0x1e4 Application\User\load_screens.o
 .debug_line    0x00006b3f      0x25a Application\User\gpio.o
 .debug_line    0x00006d99      0x2dc Application\User\glue.o
 .debug_line    0x00007075      0x7b0 Application\User\ecog_driver.o
 .debug_line    0x00007825      0x4cd Application\User\cbutils.o
 .debug_line    0x00007cf2      0x27d Application\User\adc.o
 .debug_line    0x00007f6f      0x14a Application\User\Arial_Narrow18x26.o
 .debug_line    0x000080b9      0x14a Application\User\Arial_Narrow14x20.o
 .debug_line    0x00008203       0xb2 Application\TrueSTUDIO\startup_stm32l151xb.o

.debug_str      0x00000000     0x3b4e
 .debug_str     0x00000000      0x8da Drivers\STM32L1xx_HAL_Driver\stm32l1xx_hal_uart.o
                                0x9aa (size before relaxing)
 .debug_str     0x000008da      0x1ad Drivers\STM32L1xx_HAL_Driver\stm32l1xx_hal_spi_ex.o
                                0x5e5 (size before relaxing)
 .debug_str     0x00000a87      0x34f Drivers\STM32L1xx_HAL_Driver\stm32l1xx_hal_spi.o
                                0x964 (size before relaxing)
 .debug_str     0x00000dd6      0x76f Drivers\STM32L1xx_HAL_Driver\stm32l1xx_hal_rtc_ex.o
                                0x9fd (size before relaxing)
 .debug_str     0x00001545      0x11c Drivers\STM32L1xx_HAL_Driver\stm32l1xx_hal_rtc.o
                                0x692 (size before relaxing)
 .debug_str     0x00001661      0x193 Drivers\STM32L1xx_HAL_Driver\stm32l1xx_hal_rcc_ex.o
                                0x3ab (size before relaxing)
 .debug_str     0x000017f4      0x404 Drivers\STM32L1xx_HAL_Driver\stm32l1xx_hal_rcc.o